Component: ARM Compiler 5.06 update 2 (build 183) Tool: armlink [4d35b7]

==============================================================================

Section Cross References

    main.o(i.main) refers to 1602_driver.o(i.lcd_i2c_io_initial) for lcd_i2c_io_initial
    main.o(i.main) refers to 1602_driver.o(i.lcd_i2c_begin) for lcd_i2c_begin
    main.o(i.main) refers to 1602_driver.o(i.lcd_setCursor) for lcd_setCursor
    main.o(i.main) refers to 1602_driver.o(i.lcd_write) for lcd_write
    app_uart_fifo.o(i.app_uart_close) refers to nrf_drv_uart.o(i.nrf_drv_uart_uninit) for nrf_drv_uart_uninit
    app_uart_fifo.o(i.app_uart_flush) refers to app_fifo.o(i.app_fifo_flush) for app_fifo_flush
    app_uart_fifo.o(i.app_uart_flush) refers to app_uart_fifo.o(.bss) for m_rx_fifo
    app_uart_fifo.o(i.app_uart_get) refers to app_uart_fifo.o(i.fifo_length) for fifo_length
    app_uart_fifo.o(i.app_uart_get) refers to nrf_drv_uart.o(i.nrf_drv_uart_rx) for nrf_drv_uart_rx
    app_uart_fifo.o(i.app_uart_get) refers to app_fifo.o(i.app_fifo_get) for app_fifo_get
    app_uart_fifo.o(i.app_uart_get) refers to app_uart_fifo.o(.bss) for m_rx_fifo
    app_uart_fifo.o(i.app_uart_get) refers to app_uart_fifo.o(.data) for rx_buffer
    app_uart_fifo.o(i.app_uart_init) refers to app_fifo.o(i.app_fifo_init) for app_fifo_init
    app_uart_fifo.o(i.app_uart_init) refers to memcpya.o(.text) for __aeabi_memcpy4
    app_uart_fifo.o(i.app_uart_init) refers to nrf_drv_uart.o(i.nrf_drv_uart_init) for nrf_drv_uart_init
    app_uart_fifo.o(i.app_uart_init) refers to nrf_drv_uart.o(i.nrf_drv_uart_rx_enable) for nrf_drv_uart_rx_enable
    app_uart_fifo.o(i.app_uart_init) refers to nrf_drv_uart.o(i.nrf_drv_uart_rx) for nrf_drv_uart_rx
    app_uart_fifo.o(i.app_uart_init) refers to app_uart_fifo.o(.data) for m_event_handler
    app_uart_fifo.o(i.app_uart_init) refers to app_uart_fifo.o(.bss) for m_rx_fifo
    app_uart_fifo.o(i.app_uart_init) refers to app_uart_fifo.o(.constdata) for .constdata
    app_uart_fifo.o(i.app_uart_init) refers to app_uart_fifo.o(i.uart_event_handler) for uart_event_handler
    app_uart_fifo.o(i.app_uart_put) refers to app_fifo.o(i.app_fifo_put) for app_fifo_put
    app_uart_fifo.o(i.app_uart_put) refers to nrf_drv_uart.o(i.nrf_drv_uart_tx_in_progress) for nrf_drv_uart_tx_in_progress
    app_uart_fifo.o(i.app_uart_put) refers to app_fifo.o(i.app_fifo_get) for app_fifo_get
    app_uart_fifo.o(i.app_uart_put) refers to nrf_drv_uart.o(i.nrf_drv_uart_tx) for nrf_drv_uart_tx
    app_uart_fifo.o(i.app_uart_put) refers to app_uart_fifo.o(.bss) for m_tx_fifo
    app_uart_fifo.o(i.app_uart_put) refers to app_uart_fifo.o(.data) for tx_buffer
    app_uart_fifo.o(i.uart_event_handler) refers to app_fifo.o(i.app_fifo_put) for app_fifo_put
    app_uart_fifo.o(i.uart_event_handler) refers to app_uart_fifo.o(i.fifo_length) for fifo_length
    app_uart_fifo.o(i.uart_event_handler) refers to nrf_drv_uart.o(i.nrf_drv_uart_rx) for nrf_drv_uart_rx
    app_uart_fifo.o(i.uart_event_handler) refers to app_fifo.o(i.app_fifo_get) for app_fifo_get
    app_uart_fifo.o(i.uart_event_handler) refers to nrf_drv_uart.o(i.nrf_drv_uart_tx) for nrf_drv_uart_tx
    app_uart_fifo.o(i.uart_event_handler) refers to app_uart_fifo.o(.bss) for m_rx_fifo
    app_uart_fifo.o(i.uart_event_handler) refers to app_uart_fifo.o(.data) for m_event_handler
    nrf_delay.o(i.nrf_delay_ms) refers to nrf_delay.o(.emb_text) for __asm___11_nrf_delay_c_532987f3__nrf_delay_us
    nrf_drv_common.o(i.nrf_drv_common_irq_enable) refers to nrf_drv_common.o(i.NVIC_SetPriority) for NVIC_SetPriority
    nrf_drv_twi.o(i.SPI0_TWI0_IRQHandler) refers to nrf_drv_twi.o(i.irq_handler_twi) for irq_handler_twi
    nrf_drv_twi.o(i.SPI0_TWI0_IRQHandler) refers to nrf_drv_twi.o(.bss) for m_cb
    nrf_drv_twi.o(i.irq_handler_twi) refers to nrf_drv_twi.o(i.twi_transfer) for twi_transfer
    nrf_drv_twi.o(i.irq_handler_twi) refers to nrf_drv_twi.o(i.twi_tx_start_transfer) for twi_tx_start_transfer
    nrf_drv_twi.o(i.irq_handler_twi) refers to nrf_drv_twi.o(i.twi_rx_start_transfer) for twi_rx_start_transfer
    nrf_drv_twi.o(i.nrf_drv_twi_data_count_get) refers to nrf_drv_twi.o(.bss) for m_cb
    nrf_drv_twi.o(i.nrf_drv_twi_disable) refers to nrf_drv_twi.o(i.nrf_twi_int_disable) for nrf_twi_int_disable
    nrf_drv_twi.o(i.nrf_drv_twi_disable) refers to nrf_drv_twi.o(.bss) for m_cb
    nrf_drv_twi.o(i.nrf_drv_twi_enable) refers to nrf_drv_twi.o(.bss) for m_cb
    nrf_drv_twi.o(i.nrf_drv_twi_init) refers to nrf_drv_twi.o(i.twi_clear_bus) for twi_clear_bus
    nrf_drv_twi.o(i.nrf_drv_twi_init) refers to nrf_drv_twi.o(i.nrf_drv_get_IRQn) for nrf_drv_get_IRQn
    nrf_drv_twi.o(i.nrf_drv_twi_init) refers to nrf_drv_common.o(i.nrf_drv_common_irq_enable) for nrf_drv_common_irq_enable
    nrf_drv_twi.o(i.nrf_drv_twi_init) refers to nrf_drv_twi.o(.bss) for m_cb
    nrf_drv_twi.o(i.nrf_drv_twi_init) refers to nrf_drv_twi.o(.constdata) for m_default_config
    nrf_drv_twi.o(i.nrf_drv_twi_rx) refers to nrf_drv_twi.o(i.nrf_drv_twi_xfer) for nrf_drv_twi_xfer
    nrf_drv_twi.o(i.nrf_drv_twi_rx) refers to nrf_drv_twi.o(.constdata) for .constdata
    nrf_drv_twi.o(i.nrf_drv_twi_tx) refers to nrf_drv_twi.o(i.nrf_drv_twi_xfer) for nrf_drv_twi_xfer
    nrf_drv_twi.o(i.nrf_drv_twi_uninit) refers to nrf_drv_twi.o(i.nrf_drv_get_IRQn) for nrf_drv_get_IRQn
    nrf_drv_twi.o(i.nrf_drv_twi_uninit) refers to nrf_drv_twi.o(i.nrf_drv_twi_disable) for nrf_drv_twi_disable
    nrf_drv_twi.o(i.nrf_drv_twi_uninit) refers to nrf_drv_twi.o(.bss) for m_cb
    nrf_drv_twi.o(i.nrf_drv_twi_xfer) refers to nrf_drv_twi.o(i.twi_xfer) for twi_xfer
    nrf_drv_twi.o(i.nrf_drv_twi_xfer) refers to nrf_drv_twi.o(.bss) for m_cb
    nrf_drv_twi.o(i.twi_clear_bus) refers to nrf_drv_twi.o(i.nrf_gpio_pin_set) for nrf_gpio_pin_set
    nrf_drv_twi.o(i.twi_clear_bus) refers to nrf_drv_twi.o(.emb_text) for __asm___13_nrf_drv_twi_c_a9bcf68d__nrf_delay_us
    nrf_drv_twi.o(i.twi_clear_bus) refers to nrf_drv_twi.o(i.nrf_gpio_pin_clear) for nrf_gpio_pin_clear
    nrf_drv_twi.o(i.twi_receive_byte) refers to nrf_drv_twi.o(i.nrf_twi_shorts_set) for nrf_twi_shorts_set
    nrf_drv_twi.o(i.twi_receive_byte) refers to nrf_drv_twi.o(i.nrf_twi_task_trigger) for nrf_twi_task_trigger
    nrf_drv_twi.o(i.twi_rx_start_transfer) refers to nrf_drv_twi.o(i.nrf_twi_event_clear) for nrf_twi_event_clear
    nrf_drv_twi.o(i.twi_rx_start_transfer) refers to nrf_drv_twi.o(i.nrf_twi_shorts_set) for nrf_twi_shorts_set
    nrf_drv_twi.o(i.twi_rx_start_transfer) refers to nrf_drv_twi.o(i.nrf_twi_task_trigger) for nrf_twi_task_trigger
    nrf_drv_twi.o(i.twi_rx_start_transfer) refers to nrf_drv_twi.o(i.nrf_twi_int_enable) for nrf_twi_int_enable
    nrf_drv_twi.o(i.twi_rx_start_transfer) refers to nrf_drv_twi.o(i.twi_transfer) for twi_transfer
    nrf_drv_twi.o(i.twi_send_byte) refers to nrf_drv_twi.o(i.nrf_twi_task_trigger) for nrf_twi_task_trigger
    nrf_drv_twi.o(i.twi_transfer) refers to nrf_drv_twi.o(i.nrf_twi_event_clear) for nrf_twi_event_clear
    nrf_drv_twi.o(i.twi_transfer) refers to nrf_drv_twi.o(i.nrf_twi_event_check) for nrf_twi_event_check
    nrf_drv_twi.o(i.twi_transfer) refers to nrf_drv_twi.o(i.nrf_twi_task_trigger) for nrf_twi_task_trigger
    nrf_drv_twi.o(i.twi_transfer) refers to nrf_drv_twi.o(i.twi_send_byte) for twi_send_byte
    nrf_drv_twi.o(i.twi_transfer) refers to nrf_drv_twi.o(i.twi_receive_byte) for twi_receive_byte
    nrf_drv_twi.o(i.twi_tx_start_transfer) refers to nrf_drv_twi.o(i.nrf_twi_event_clear) for nrf_twi_event_clear
    nrf_drv_twi.o(i.twi_tx_start_transfer) refers to nrf_drv_twi.o(i.nrf_twi_shorts_set) for nrf_twi_shorts_set
    nrf_drv_twi.o(i.twi_tx_start_transfer) refers to nrf_drv_twi.o(i.nrf_twi_task_trigger) for nrf_twi_task_trigger
    nrf_drv_twi.o(i.twi_tx_start_transfer) refers to nrf_drv_twi.o(i.twi_send_byte) for twi_send_byte
    nrf_drv_twi.o(i.twi_tx_start_transfer) refers to nrf_drv_twi.o(i.nrf_twi_int_enable) for nrf_twi_int_enable
    nrf_drv_twi.o(i.twi_tx_start_transfer) refers to nrf_drv_twi.o(i.twi_transfer) for twi_transfer
    nrf_drv_twi.o(i.twi_xfer) refers to nrf_drv_twi.o(i.nrf_twi_int_disable) for nrf_twi_int_disable
    nrf_drv_twi.o(i.twi_xfer) refers to nrf_drv_twi.o(i.nrf_twi_int_enable) for nrf_twi_int_enable
    nrf_drv_twi.o(i.twi_xfer) refers to nrf_drv_twi.o(i.twi_tx_start_transfer) for twi_tx_start_transfer
    nrf_drv_twi.o(i.twi_xfer) refers to nrf_drv_twi.o(i.twi_rx_start_transfer) for twi_rx_start_transfer
    nrf_drv_uart.o(i.UART0_IRQHandler) refers to nrf_drv_uart.o(i.uart_irq_handler) for uart_irq_handler
    nrf_drv_uart.o(i.apply_config) refers to nrf_drv_uart.o(i.nrf_gpio_pin_set) for nrf_gpio_pin_set
    nrf_drv_uart.o(i.apply_config) refers to nrf_drv_uart.o(i.nrf_gpio_cfg_output) for nrf_gpio_cfg_output
    nrf_drv_uart.o(i.apply_config) refers to nrf_drv_uart.o(i.nrf_gpio_cfg_input) for nrf_gpio_cfg_input
    nrf_drv_uart.o(i.apply_config) refers to nrf_drv_uart.o(i.nrf_uart_txrx_pins_set) for nrf_uart_txrx_pins_set
    nrf_drv_uart.o(i.apply_config) refers to nrf_drv_uart.o(i.nrf_uart_hwfc_pins_set) for nrf_uart_hwfc_pins_set
    nrf_drv_uart.o(i.nrf_drv_uart_errorsrc_get) refers to nrf_drv_uart.o(i.nrf_uart_event_clear) for nrf_uart_event_clear
    nrf_drv_uart.o(i.nrf_drv_uart_errorsrc_get) refers to nrf_drv_uart.o(i.nrf_uart_errorsrc_get_and_clear) for nrf_uart_errorsrc_get_and_clear
    nrf_drv_uart.o(i.nrf_drv_uart_init) refers to nrf_drv_uart.o(i.apply_config) for apply_config
    nrf_drv_uart.o(i.nrf_drv_uart_init) refers to nrf_drv_uart.o(i.nrf_uart_event_clear) for nrf_uart_event_clear
    nrf_drv_uart.o(i.nrf_drv_uart_init) refers to nrf_drv_uart.o(i.nrf_uart_int_enable) for nrf_uart_int_enable
    nrf_drv_uart.o(i.nrf_drv_uart_init) refers to nrf_drv_common.o(i.nrf_drv_common_irq_enable) for nrf_drv_common_irq_enable
    nrf_drv_uart.o(i.nrf_drv_uart_init) refers to nrf_drv_uart.o(.bss) for m_cb
    nrf_drv_uart.o(i.nrf_drv_uart_init) refers to nrf_drv_uart.o(.constdata) for m_default_config
    nrf_drv_uart.o(i.nrf_drv_uart_rx) refers to nrf_drv_uart.o(i.nrf_uart_int_disable) for nrf_uart_int_disable
    nrf_drv_uart.o(i.nrf_drv_uart_rx) refers to nrf_drv_uart.o(i.nrf_uart_int_enable) for nrf_uart_int_enable
    nrf_drv_uart.o(i.nrf_drv_uart_rx) refers to nrf_drv_uart.o(i.nrf_drv_uart_rx_for_uart) for nrf_drv_uart_rx_for_uart
    nrf_drv_uart.o(i.nrf_drv_uart_rx) refers to nrf_drv_uart.o(.bss) for m_cb
    nrf_drv_uart.o(i.nrf_drv_uart_rx_abort) refers to nrf_drv_uart.o(i.nrf_uart_int_disable) for nrf_uart_int_disable
    nrf_drv_uart.o(i.nrf_drv_uart_rx_abort) refers to nrf_drv_uart.o(i.nrf_uart_task_trigger) for nrf_uart_task_trigger
    nrf_drv_uart.o(i.nrf_drv_uart_rx_disable) refers to nrf_drv_uart.o(i.nrf_uart_task_trigger) for nrf_uart_task_trigger
    nrf_drv_uart.o(i.nrf_drv_uart_rx_disable) refers to nrf_drv_uart.o(.bss) for m_cb
    nrf_drv_uart.o(i.nrf_drv_uart_rx_enable) refers to nrf_drv_uart.o(i.rx_enable) for rx_enable
    nrf_drv_uart.o(i.nrf_drv_uart_rx_enable) refers to nrf_drv_uart.o(.bss) for m_cb
    nrf_drv_uart.o(i.nrf_drv_uart_rx_for_uart) refers to nrf_drv_uart.o(i.rx_enable) for rx_enable
    nrf_drv_uart.o(i.nrf_drv_uart_rx_for_uart) refers to nrf_drv_uart.o(i.nrf_uart_event_clear) for nrf_uart_event_clear
    nrf_drv_uart.o(i.nrf_drv_uart_rx_for_uart) refers to nrf_drv_uart.o(i.nrf_uart_event_check) for nrf_uart_event_check
    nrf_drv_uart.o(i.nrf_drv_uart_rx_for_uart) refers to nrf_drv_uart.o(i.rx_byte) for rx_byte
    nrf_drv_uart.o(i.nrf_drv_uart_rx_for_uart) refers to nrf_drv_uart.o(i.nrf_uart_task_trigger) for nrf_uart_task_trigger
    nrf_drv_uart.o(i.nrf_drv_uart_rx_for_uart) refers to nrf_drv_uart.o(i.nrf_uart_int_enable) for nrf_uart_int_enable
    nrf_drv_uart.o(i.nrf_drv_uart_rx_for_uart) refers to nrf_drv_uart.o(.bss) for m_cb
    nrf_drv_uart.o(i.nrf_drv_uart_tx) refers to nrf_drv_uart.o(i.nrf_drv_uart_tx_in_progress) for nrf_drv_uart_tx_in_progress
    nrf_drv_uart.o(i.nrf_drv_uart_tx) refers to nrf_drv_uart.o(i.nrf_drv_uart_tx_for_uart) for nrf_drv_uart_tx_for_uart
    nrf_drv_uart.o(i.nrf_drv_uart_tx) refers to nrf_drv_uart.o(.bss) for m_cb
    nrf_drv_uart.o(i.nrf_drv_uart_tx_abort) refers to nrf_drv_uart.o(i.nrf_uart_task_trigger) for nrf_uart_task_trigger
    nrf_drv_uart.o(i.nrf_drv_uart_tx_abort) refers to nrf_drv_uart.o(i.tx_done_event) for tx_done_event
    nrf_drv_uart.o(i.nrf_drv_uart_tx_abort) refers to nrf_drv_uart.o(.bss) for m_cb
    nrf_drv_uart.o(i.nrf_drv_uart_tx_for_uart) refers to nrf_drv_uart.o(i.nrf_uart_event_clear) for nrf_uart_event_clear
    nrf_drv_uart.o(i.nrf_drv_uart_tx_for_uart) refers to nrf_drv_uart.o(i.nrf_uart_task_trigger) for nrf_uart_task_trigger
    nrf_drv_uart.o(i.nrf_drv_uart_tx_for_uart) refers to nrf_drv_uart.o(i.tx_byte) for tx_byte
    nrf_drv_uart.o(i.nrf_drv_uart_tx_for_uart) refers to nrf_drv_uart.o(i.nrf_uart_event_check) for nrf_uart_event_check
    nrf_drv_uart.o(i.nrf_drv_uart_tx_for_uart) refers to nrf_drv_uart.o(.bss) for m_cb
    nrf_drv_uart.o(i.nrf_drv_uart_tx_in_progress) refers to nrf_drv_uart.o(.bss) for m_cb
    nrf_drv_uart.o(i.nrf_drv_uart_uninit) refers to nrf_drv_uart.o(i.nrf_uart_int_disable) for nrf_uart_int_disable
    nrf_drv_uart.o(i.nrf_drv_uart_uninit) refers to nrf_drv_uart.o(i.pins_to_default) for pins_to_default
    nrf_drv_uart.o(i.nrf_drv_uart_uninit) refers to nrf_drv_uart.o(.bss) for m_cb
    nrf_drv_uart.o(i.nrf_gpio_cfg_default) refers to nrf_drv_uart.o(i.nrf_gpio_cfg) for nrf_gpio_cfg
    nrf_drv_uart.o(i.nrf_gpio_cfg_input) refers to nrf_drv_uart.o(i.nrf_gpio_cfg) for nrf_gpio_cfg
    nrf_drv_uart.o(i.nrf_gpio_cfg_output) refers to nrf_drv_uart.o(i.nrf_gpio_cfg) for nrf_gpio_cfg
    nrf_drv_uart.o(i.pins_to_default) refers to nrf_drv_uart.o(i.nrf_uart_txrx_pins_set) for nrf_uart_txrx_pins_set
    nrf_drv_uart.o(i.pins_to_default) refers to nrf_drv_uart.o(i.nrf_uart_hwfc_pins_set) for nrf_uart_hwfc_pins_set
    nrf_drv_uart.o(i.pins_to_default) refers to nrf_drv_uart.o(i.nrf_gpio_cfg_default) for nrf_gpio_cfg_default
    nrf_drv_uart.o(i.rx_byte) refers to nrf_drv_uart.o(i.nrf_uart_event_clear) for nrf_uart_event_clear
    nrf_drv_uart.o(i.rx_byte) refers to nrf_drv_uart.o(.bss) for m_cb
    nrf_drv_uart.o(i.rx_done_event) refers to nrf_drv_uart.o(.bss) for m_cb
    nrf_drv_uart.o(i.rx_enable) refers to nrf_drv_uart.o(i.nrf_uart_event_clear) for nrf_uart_event_clear
    nrf_drv_uart.o(i.rx_enable) refers to nrf_drv_uart.o(i.nrf_uart_task_trigger) for nrf_uart_task_trigger
    nrf_drv_uart.o(i.tx_byte) refers to nrf_drv_uart.o(i.nrf_uart_event_clear) for nrf_uart_event_clear
    nrf_drv_uart.o(i.tx_byte) refers to nrf_drv_uart.o(.bss) for m_cb
    nrf_drv_uart.o(i.tx_done_event) refers to nrf_drv_uart.o(.bss) for m_cb
    nrf_drv_uart.o(i.uart_irq_handler) refers to nrf_drv_uart.o(i.nrf_uart_int_enable_check) for nrf_uart_int_enable_check
    nrf_drv_uart.o(i.uart_irq_handler) refers to nrf_drv_uart.o(i.nrf_uart_event_check) for nrf_uart_event_check
    nrf_drv_uart.o(i.uart_irq_handler) refers to nrf_drv_uart.o(i.nrf_uart_event_clear) for nrf_uart_event_clear
    nrf_drv_uart.o(i.uart_irq_handler) refers to nrf_drv_uart.o(i.nrf_uart_int_disable) for nrf_uart_int_disable
    nrf_drv_uart.o(i.uart_irq_handler) refers to nrf_drv_uart.o(i.nrf_uart_task_trigger) for nrf_uart_task_trigger
    nrf_drv_uart.o(i.uart_irq_handler) refers to nrf_drv_uart.o(i.nrf_uart_errorsrc_get_and_clear) for nrf_uart_errorsrc_get_and_clear
    nrf_drv_uart.o(i.uart_irq_handler) refers to nrf_drv_uart.o(i.rx_byte) for rx_byte
    nrf_drv_uart.o(i.uart_irq_handler) refers to nrf_drv_uart.o(i.rx_done_event) for rx_done_event
    nrf_drv_uart.o(i.uart_irq_handler) refers to nrf_drv_uart.o(i.tx_byte) for tx_byte
    nrf_drv_uart.o(i.uart_irq_handler) refers to nrf_drv_uart.o(i.tx_done_event) for tx_done_event
    nrf_drv_uart.o(i.uart_irq_handler) refers to nrf_drv_uart.o(.bss) for m_cb
    app_error.o(i.app_error_handler) refers to app_error_weak.o(i.app_error_fault_handler) for app_error_fault_handler
    app_error.o(i.app_error_handler_bare) refers to app_error_weak.o(i.app_error_fault_handler) for app_error_fault_handler
    app_error.o(i.app_error_save_and_stop) refers to app_error.o(.bss) for m_error_data
    app_fifo.o(i.app_fifo_get) refers to app_fifo.o(i.fifo_length) for fifo_length
    app_fifo.o(i.app_fifo_get) refers to app_fifo.o(i.fifo_get) for fifo_get
    app_fifo.o(i.app_fifo_peek) refers to app_fifo.o(i.fifo_length) for fifo_length
    app_fifo.o(i.app_fifo_peek) refers to app_fifo.o(i.fifo_peek) for fifo_peek
    app_fifo.o(i.app_fifo_put) refers to app_fifo.o(i.fifo_length) for fifo_length
    app_fifo.o(i.app_fifo_put) refers to app_fifo.o(i.fifo_put) for fifo_put
    app_fifo.o(i.app_fifo_read) refers to app_fifo.o(i.fifo_length) for fifo_length
    app_fifo.o(i.app_fifo_read) refers to app_fifo.o(i.fifo_get) for fifo_get
    app_fifo.o(i.app_fifo_write) refers to app_fifo.o(i.fifo_length) for fifo_length
    app_fifo.o(i.app_fifo_write) refers to app_fifo.o(i.fifo_put) for fifo_put
    app_fifo.o(i.fifo_get) refers to app_fifo.o(i.fifo_peek) for fifo_peek
    app_util_platform.o(i.app_util_critical_region_enter) refers to app_util_platform.o(i.app_util_disable_irq) for app_util_disable_irq
    app_util_platform.o(i.app_util_critical_region_exit) refers to app_util_platform.o(i.app_util_enable_irq) for app_util_enable_irq
    app_util_platform.o(i.app_util_disable_irq) refers to app_util_platform.o(.data) for m_in_critical_region
    app_util_platform.o(i.app_util_enable_irq) refers to app_util_platform.o(.data) for m_in_critical_region
    retarget.o(i.fgetc) refers to app_uart_fifo.o(i.app_uart_get) for app_uart_get
    retarget.o(i.fputc) refers to app_uart_fifo.o(i.app_uart_put) for app_uart_put
    1602_driver.o(i.lcd_autoscroll) refers to 1602_driver.o(i.lcd_command) for lcd_command
    1602_driver.o(i.lcd_autoscroll) refers to 1602_driver.o(.data) for _displaymode
    1602_driver.o(i.lcd_backlight) refers to 1602_driver.o(i.lcd_i2c_setBacklight) for lcd_i2c_setBacklight
    1602_driver.o(i.lcd_begin) refers to nrf_delay.o(i.nrf_delay_ms) for nrf_delay_ms
    1602_driver.o(i.lcd_begin) refers to 1602_driver.o(i.lcd_i2c_send) for lcd_i2c_send
    1602_driver.o(i.lcd_begin) refers to 1602_driver.o(.emb_text) for __asm___13_1602_driver_c_43d4125a__nrf_delay_us
    1602_driver.o(i.lcd_begin) refers to 1602_driver.o(i.lcd_command) for lcd_command
    1602_driver.o(i.lcd_begin) refers to 1602_driver.o(i.lcd_display) for lcd_display
    1602_driver.o(i.lcd_begin) refers to 1602_driver.o(i.lcd_clear) for lcd_clear
    1602_driver.o(i.lcd_begin) refers to 1602_driver.o(i.lcd_backlight) for lcd_backlight
    1602_driver.o(i.lcd_begin) refers to 1602_driver.o(.data) for _displayfunction
    1602_driver.o(i.lcd_blink) refers to 1602_driver.o(i.lcd_command) for lcd_command
    1602_driver.o(i.lcd_blink) refers to 1602_driver.o(.data) for _displaycontrol
    1602_driver.o(i.lcd_clear) refers to 1602_driver.o(i.lcd_command) for lcd_command
    1602_driver.o(i.lcd_clear) refers to 1602_driver.o(.emb_text) for __asm___13_1602_driver_c_43d4125a__nrf_delay_us
    1602_driver.o(i.lcd_command) refers to 1602_driver.o(i.lcd_i2c_send) for lcd_i2c_send
    1602_driver.o(i.lcd_createChar) refers to 1602_driver.o(i.lcd_command) for lcd_command
    1602_driver.o(i.lcd_createChar) refers to 1602_driver.o(.emb_text) for __asm___13_1602_driver_c_43d4125a__nrf_delay_us
    1602_driver.o(i.lcd_createChar) refers to 1602_driver.o(i.lcd_write) for lcd_write
    1602_driver.o(i.lcd_cursor) refers to 1602_driver.o(i.lcd_command) for lcd_command
    1602_driver.o(i.lcd_cursor) refers to 1602_driver.o(.data) for _displaycontrol
    1602_driver.o(i.lcd_display) refers to 1602_driver.o(i.lcd_command) for lcd_command
    1602_driver.o(i.lcd_display) refers to 1602_driver.o(.data) for _displaycontrol
    1602_driver.o(i.lcd_home) refers to 1602_driver.o(i.lcd_command) for lcd_command
    1602_driver.o(i.lcd_home) refers to 1602_driver.o(.emb_text) for __asm___13_1602_driver_c_43d4125a__nrf_delay_us
    1602_driver.o(i.lcd_i2c_begin) refers to 1602_driver.o(i.lcd_i2c_init) for lcd_i2c_init
    1602_driver.o(i.lcd_i2c_begin) refers to 1602_driver.o(i.lcd_begin) for lcd_begin
    1602_driver.o(i.lcd_i2c_config) refers to 1602_driver.o(.data) for _Addr
    1602_driver.o(i.lcd_i2c_init) refers to 1602_driver.o(i.twi_init) for twi_init
    1602_driver.o(i.lcd_i2c_init) refers to nrf_drv_twi.o(i.nrf_drv_twi_tx) for nrf_drv_twi_tx
    1602_driver.o(i.lcd_i2c_init) refers to app_error.o(i.app_error_handler_bare) for app_error_handler_bare
    1602_driver.o(i.lcd_i2c_init) refers to 1602_driver.o(.data) for twi_busy
    1602_driver.o(i.lcd_i2c_init) refers to 1602_driver.o(.constdata) for m_twi_lcd1602
    1602_driver.o(i.lcd_i2c_io_initial) refers to 1602_driver.o(i.lcd_i2c_config) for lcd_i2c_config
    1602_driver.o(i.lcd_i2c_io_initial) refers to 1602_driver.o(i.lcd_i2c_setBacklightPin) for lcd_i2c_setBacklightPin
    1602_driver.o(i.lcd_i2c_pulseEnable) refers to nrf_drv_twi.o(i.nrf_drv_twi_tx) for nrf_drv_twi_tx
    1602_driver.o(i.lcd_i2c_pulseEnable) refers to app_error.o(i.app_error_handler_bare) for app_error_handler_bare
    1602_driver.o(i.lcd_i2c_pulseEnable) refers to 1602_driver.o(.data) for _En
    1602_driver.o(i.lcd_i2c_pulseEnable) refers to 1602_driver.o(.constdata) for m_twi_lcd1602
    1602_driver.o(i.lcd_i2c_send) refers to 1602_driver.o(i.lcd_i2c_write4bits) for lcd_i2c_write4bits
    1602_driver.o(i.lcd_i2c_setBacklight) refers to 1602_driver.o(.data) for _backlightPinMask
    1602_driver.o(i.lcd_i2c_setBacklightPin) refers to 1602_driver.o(i.lcd_i2c_setBacklight) for lcd_i2c_setBacklight
    1602_driver.o(i.lcd_i2c_setBacklightPin) refers to 1602_driver.o(.data) for _backlightPinMask
    1602_driver.o(i.lcd_i2c_write4bits) refers to 1602_driver.o(i.lcd_i2c_pulseEnable) for lcd_i2c_pulseEnable
    1602_driver.o(i.lcd_i2c_write4bits) refers to 1602_driver.o(.data) for _data_pins
    1602_driver.o(i.lcd_leftToRight) refers to 1602_driver.o(i.lcd_command) for lcd_command
    1602_driver.o(i.lcd_leftToRight) refers to 1602_driver.o(.data) for _displaymode
    1602_driver.o(i.lcd_moveCursorLeft) refers to 1602_driver.o(i.lcd_command) for lcd_command
    1602_driver.o(i.lcd_moveCursorRight) refers to 1602_driver.o(i.lcd_command) for lcd_command
    1602_driver.o(i.lcd_noAutoscroll) refers to 1602_driver.o(i.lcd_command) for lcd_command
    1602_driver.o(i.lcd_noAutoscroll) refers to 1602_driver.o(.data) for _displaymode
    1602_driver.o(i.lcd_noBacklight) refers to 1602_driver.o(i.lcd_i2c_setBacklight) for lcd_i2c_setBacklight
    1602_driver.o(i.lcd_noBlink) refers to 1602_driver.o(i.lcd_command) for lcd_command
    1602_driver.o(i.lcd_noBlink) refers to 1602_driver.o(.data) for _displaycontrol
    1602_driver.o(i.lcd_noCursor) refers to 1602_driver.o(i.lcd_command) for lcd_command
    1602_driver.o(i.lcd_noCursor) refers to 1602_driver.o(.data) for _displaycontrol
    1602_driver.o(i.lcd_noDisplay) refers to 1602_driver.o(i.lcd_command) for lcd_command
    1602_driver.o(i.lcd_noDisplay) refers to 1602_driver.o(.data) for _displaycontrol
    1602_driver.o(i.lcd_off) refers to 1602_driver.o(i.lcd_noBacklight) for lcd_noBacklight
    1602_driver.o(i.lcd_off) refers to 1602_driver.o(i.lcd_noDisplay) for lcd_noDisplay
    1602_driver.o(i.lcd_on) refers to 1602_driver.o(i.lcd_display) for lcd_display
    1602_driver.o(i.lcd_on) refers to 1602_driver.o(i.lcd_backlight) for lcd_backlight
    1602_driver.o(i.lcd_rightToLeft) refers to 1602_driver.o(i.lcd_command) for lcd_command
    1602_driver.o(i.lcd_rightToLeft) refers to 1602_driver.o(.data) for _displaymode
    1602_driver.o(i.lcd_scrollDisplayLeft) refers to 1602_driver.o(i.lcd_command) for lcd_command
    1602_driver.o(i.lcd_scrollDisplayRight) refers to 1602_driver.o(i.lcd_command) for lcd_command
    1602_driver.o(i.lcd_setCursor) refers to 1602_driver.o(i.lcd_command) for lcd_command
    1602_driver.o(i.lcd_setCursor) refers to 1602_driver.o(.data) for _numlines
    1602_driver.o(i.lcd_write) refers to 1602_driver.o(i.lcd_i2c_send) for lcd_i2c_send
    1602_driver.o(i.twi_handler) refers to 1602_driver.o(.data) for twi_busy
    1602_driver.o(i.twi_init) refers to nrf_drv_twi.o(i.nrf_drv_twi_init) for nrf_drv_twi_init
    1602_driver.o(i.twi_init) refers to app_error.o(i.app_error_handler_bare) for app_error_handler_bare
    1602_driver.o(i.twi_init) refers to nrf_drv_twi.o(i.nrf_drv_twi_enable) for nrf_drv_twi_enable
    1602_driver.o(i.twi_init) refers to 1602_driver.o(.constdata) for .constdata
    1602_driver.o(i.twi_init) refers to 1602_driver.o(i.twi_handler) for twi_handler
    1602_driver.o(i.twi_init) refers to 1602_driver.o(.data) for twi_busy
    arm_startup_nrf51.o(RESET) refers to arm_startup_nrf51.o(STACK) for __initial_sp
    arm_startup_nrf51.o(RESET) refers to arm_startup_nrf51.o(.text) for Reset_Handler
    arm_startup_nrf51.o(RESET) refers to nrf_drv_uart.o(i.UART0_IRQHandler) for UART0_IRQHandler
    arm_startup_nrf51.o(RESET) refers to nrf_drv_twi.o(i.SPI0_TWI0_IRQHandler) for SPI0_TWI0_IRQHandler
    arm_startup_nrf51.o(.text) refers to system_nrf51.o(i.SystemInit) for SystemInit
    arm_startup_nrf51.o(.text) refers to entry.o(.ARM.Collect$$$$00000000) for __main
    system_nrf51.o(i.SystemCoreClockUpdate) refers to system_nrf51.o(.data) for SystemCoreClock
    system_nrf51.o(i.SystemInit) refers to system_nrf51.o(i.is_manual_peripheral_setup_needed) for is_manual_peripheral_setup_needed
    system_nrf51.o(i.SystemInit) refers to system_nrf51.o(i.is_disabled_in_debug_needed) for is_disabled_in_debug_needed
    system_nrf51.o(i.SystemInit) refers to system_nrf51.o(i.is_peripheral_domain_setup_needed) for is_peripheral_domain_setup_needed
    entry.o(.ARM.Collect$$$$00000000) refers (Special) to entry10a.o(.ARM.Collect$$$$0000000D) for __rt_final_cpp
    entry.o(.ARM.Collect$$$$00000000) refers (Special) to entry11a.o(.ARM.Collect$$$$0000000F) for __rt_final_exit
    entry.o(.ARM.Collect$$$$00000000) refers (Special) to entry7b.o(.ARM.Collect$$$$00000008) for _main_clock
    entry.o(.ARM.Collect$$$$00000000) refers (Special) to entry8b.o(.ARM.Collect$$$$0000000A) for _main_cpp_init
    entry.o(.ARM.Collect$$$$00000000) refers (Special) to entry9a.o(.ARM.Collect$$$$0000000B) for _main_init
    entry.o(.ARM.Collect$$$$00000000) refers (Special) to entry5.o(.ARM.Collect$$$$00000004) for _main_scatterload
    entry.o(.ARM.Collect$$$$00000000) refers (Special) to entry2.o(.ARM.Collect$$$$00000001) for _main_stk
    entry2.o(.ARM.Collect$$$$00000001) refers to entry2.o(.ARM.Collect$$$$00002712) for __lit__00000000
    entry2.o(.ARM.Collect$$$$00002712) refers to arm_startup_nrf51.o(STACK) for __initial_sp
    entry2.o(__vectab_stack_and_reset_area) refers to arm_startup_nrf51.o(STACK) for __initial_sp
    entry2.o(__vectab_stack_and_reset_area) refers to entry.o(.ARM.Collect$$$$00000000) for __main
    entry5.o(.ARM.Collect$$$$00000004) refers to init.o(.text) for __scatterload
    entry9a.o(.ARM.Collect$$$$0000000B) refers to main.o(i.main) for main
    entry9b.o(.ARM.Collect$$$$0000000C) refers to main.o(i.main) for main
    init.o(.text) refers to entry5.o(.ARM.Collect$$$$00000004) for __main_after_scatterload


==============================================================================

Removing Unused input sections from the image.

    Removing main.o(.rev16_text), (4 bytes).
    Removing main.o(.revsh_text), (4 bytes).
    Removing main.o(.emb_text), (30 bytes).
    Removing app_uart_fifo.o(.rev16_text), (4 bytes).
    Removing app_uart_fifo.o(.revsh_text), (4 bytes).
    Removing app_uart_fifo.o(i.app_uart_close), (10 bytes).
    Removing app_uart_fifo.o(i.app_uart_flush), (56 bytes).
    Removing app_uart_fifo.o(i.app_uart_get), (56 bytes).
    Removing app_uart_fifo.o(i.app_uart_init), (204 bytes).
    Removing app_uart_fifo.o(i.app_uart_put), (60 bytes).
    Removing app_uart_fifo.o(i.fifo_length), (10 bytes).
    Removing app_uart_fifo.o(i.uart_event_handler), (200 bytes).
    Removing app_uart_fifo.o(.bss), (32 bytes).
    Removing app_uart_fifo.o(.constdata), (32 bytes).
    Removing app_uart_fifo.o(.data), (6 bytes).
    Removing nrf_delay.o(.rev16_text), (4 bytes).
    Removing nrf_delay.o(.revsh_text), (4 bytes).
    Removing nrf_drv_common.o(.rev16_text), (4 bytes).
    Removing nrf_drv_common.o(.revsh_text), (4 bytes).
    Removing nrf_drv_twi.o(.rev16_text), (4 bytes).
    Removing nrf_drv_twi.o(.revsh_text), (4 bytes).
    Removing nrf_drv_twi.o(i.nrf_drv_twi_data_count_get), (24 bytes).
    Removing nrf_drv_twi.o(i.nrf_drv_twi_disable), (72 bytes).
    Removing nrf_drv_twi.o(i.nrf_drv_twi_rx), (44 bytes).
    Removing nrf_drv_twi.o(i.nrf_drv_twi_start_task_get), (24 bytes).
    Removing nrf_drv_twi.o(i.nrf_drv_twi_stopped_event_get), (14 bytes).
    Removing nrf_drv_twi.o(i.nrf_drv_twi_uninit), (72 bytes).
    Removing nrf_drv_uart.o(.rev16_text), (4 bytes).
    Removing nrf_drv_uart.o(.revsh_text), (4 bytes).
    Removing nrf_drv_uart.o(i.apply_config), (112 bytes).
    Removing nrf_drv_uart.o(i.nrf_drv_uart_errorsrc_get), (28 bytes).
    Removing nrf_drv_uart.o(i.nrf_drv_uart_init), (148 bytes).
    Removing nrf_drv_uart.o(i.nrf_drv_uart_rx), (112 bytes).
    Removing nrf_drv_uart.o(i.nrf_drv_uart_rx_abort), (28 bytes).
    Removing nrf_drv_uart.o(i.nrf_drv_uart_rx_disable), (28 bytes).
    Removing nrf_drv_uart.o(i.nrf_drv_uart_rx_enable), (28 bytes).
    Removing nrf_drv_uart.o(i.nrf_drv_uart_rx_for_uart), (192 bytes).
    Removing nrf_drv_uart.o(i.nrf_drv_uart_tx), (40 bytes).
    Removing nrf_drv_uart.o(i.nrf_drv_uart_tx_abort), (48 bytes).
    Removing nrf_drv_uart.o(i.nrf_drv_uart_tx_for_uart), (152 bytes).
    Removing nrf_drv_uart.o(i.nrf_drv_uart_tx_in_progress), (20 bytes).
    Removing nrf_drv_uart.o(i.nrf_drv_uart_uninit), (92 bytes).
    Removing nrf_drv_uart.o(i.nrf_gpio_cfg), (38 bytes).
    Removing nrf_drv_uart.o(i.nrf_gpio_cfg_default), (24 bytes).
    Removing nrf_drv_uart.o(i.nrf_gpio_cfg_input), (26 bytes).
    Removing nrf_drv_uart.o(i.nrf_gpio_cfg_output), (24 bytes).
    Removing nrf_drv_uart.o(i.nrf_gpio_pin_set), (16 bytes).
    Removing nrf_drv_uart.o(i.nrf_uart_hwfc_pins_set), (18 bytes).
    Removing nrf_drv_uart.o(i.nrf_uart_int_enable), (10 bytes).
    Removing nrf_drv_uart.o(i.nrf_uart_txrx_pins_set), (18 bytes).
    Removing nrf_drv_uart.o(i.pins_to_default), (120 bytes).
    Removing nrf_drv_uart.o(i.rx_enable), (36 bytes).
    Removing nrf_drv_uart.o(.constdata), (32 bytes).
    Removing app_error.o(.rev16_text), (4 bytes).
    Removing app_error.o(.revsh_text), (4 bytes).
    Removing app_error.o(i.app_error_handler), (32 bytes).
    Removing app_error.o(i.app_error_save_and_stop), (140 bytes).
    Removing app_error.o(.bss), (32 bytes).
    Removing app_error_weak.o(.rev16_text), (4 bytes).
    Removing app_error_weak.o(.revsh_text), (4 bytes).
    Removing app_fifo.o(.rev16_text), (4 bytes).
    Removing app_fifo.o(.revsh_text), (4 bytes).
    Removing app_fifo.o(i.app_fifo_flush), (10 bytes).
    Removing app_fifo.o(i.app_fifo_get), (32 bytes).
    Removing app_fifo.o(i.app_fifo_init), (42 bytes).
    Removing app_fifo.o(i.app_fifo_peek), (36 bytes).
    Removing app_fifo.o(i.app_fifo_put), (34 bytes).
    Removing app_fifo.o(i.app_fifo_read), (110 bytes).
    Removing app_fifo.o(i.app_fifo_write), (116 bytes).
    Removing app_fifo.o(i.fifo_get), (24 bytes).
    Removing app_fifo.o(i.fifo_length), (10 bytes).
    Removing app_fifo.o(i.fifo_peek), (18 bytes).
    Removing app_fifo.o(i.fifo_put), (18 bytes).
    Removing app_util_platform.o(.rev16_text), (4 bytes).
    Removing app_util_platform.o(.revsh_text), (4 bytes).
    Removing app_util_platform.o(i.app_util_critical_region_enter), (10 bytes).
    Removing app_util_platform.o(i.app_util_critical_region_exit), (10 bytes).
    Removing app_util_platform.o(i.app_util_disable_irq), (20 bytes).
    Removing app_util_platform.o(i.app_util_enable_irq), (28 bytes).
    Removing app_util_platform.o(.data), (4 bytes).
    Removing nrf_assert.o(.rev16_text), (4 bytes).
    Removing nrf_assert.o(.revsh_text), (4 bytes).
    Removing retarget.o(.rev16_text), (4 bytes).
    Removing retarget.o(.revsh_text), (4 bytes).
    Removing retarget.o(i.fgetc), (22 bytes).
    Removing retarget.o(i.fputc), (16 bytes).
    Removing retarget.o(.data), (8 bytes).
    Removing 1602_driver.o(.rev16_text), (4 bytes).
    Removing 1602_driver.o(.revsh_text), (4 bytes).
    Removing 1602_driver.o(i.lcd_autoscroll), (32 bytes).
    Removing 1602_driver.o(i.lcd_blink), (32 bytes).
    Removing 1602_driver.o(i.lcd_createChar), (54 bytes).
    Removing 1602_driver.o(i.lcd_cursor), (32 bytes).
    Removing 1602_driver.o(i.lcd_home), (18 bytes).
    Removing 1602_driver.o(i.lcd_leftToRight), (32 bytes).
    Removing 1602_driver.o(i.lcd_moveCursorLeft), (10 bytes).
    Removing 1602_driver.o(i.lcd_moveCursorRight), (10 bytes).
    Removing 1602_driver.o(i.lcd_noAutoscroll), (32 bytes).
    Removing 1602_driver.o(i.lcd_noBacklight), (10 bytes).
    Removing 1602_driver.o(i.lcd_noBlink), (32 bytes).
    Removing 1602_driver.o(i.lcd_noCursor), (32 bytes).
    Removing 1602_driver.o(i.lcd_noDisplay), (32 bytes).
    Removing 1602_driver.o(i.lcd_off), (12 bytes).
    Removing 1602_driver.o(i.lcd_on), (12 bytes).
    Removing 1602_driver.o(i.lcd_rightToLeft), (32 bytes).
    Removing 1602_driver.o(i.lcd_scrollDisplayLeft), (10 bytes).
    Removing 1602_driver.o(i.lcd_scrollDisplayRight), (10 bytes).
    Removing arm_startup_nrf51.o(HEAP), (2048 bytes).
    Removing system_nrf51.o(.rev16_text), (4 bytes).
    Removing system_nrf51.o(.revsh_text), (4 bytes).
    Removing system_nrf51.o(i.SystemCoreClockUpdate), (16 bytes).

111 unused section(s) (total 5718 bytes) removed from the image.

==============================================================================

Image Symbol Table

    Local Symbols

    Symbol Name                              Value     Ov Type        Size  Object(Section)

    RESET                                    0x00000000   Section      192  arm_startup_nrf51.o(RESET)
    ../clib/microlib/init/entry.s            0x00000000   Number         0  entry2.o ABSOLUTE
    ../clib/microlib/init/entry.s            0x00000000   Number         0  entry11a.o ABSOLUTE
    ../clib/microlib/init/entry.s            0x00000000   Number         0  entry7b.o ABSOLUTE
    ../clib/microlib/init/entry.s            0x00000000   Number         0  entry11b.o ABSOLUTE
    ../clib/microlib/init/entry.s            0x00000000   Number         0  entry8a.o ABSOLUTE
    ../clib/microlib/init/entry.s            0x00000000   Number         0  entry7a.o ABSOLUTE
    ../clib/microlib/init/entry.s            0x00000000   Number         0  entry8b.o ABSOLUTE
    ../clib/microlib/init/entry.s            0x00000000   Number         0  entry9a.o ABSOLUTE
    ../clib/microlib/init/entry.s            0x00000000   Number         0  entry5.o ABSOLUTE
    ../clib/microlib/init/entry.s            0x00000000   Number         0  entry9b.o ABSOLUTE
    ../clib/microlib/init/entry.s            0x00000000   Number         0  entry10a.o ABSOLUTE
    ../clib/microlib/init/entry.s            0x00000000   Number         0  entry.o ABSOLUTE
    ../clib/microlib/init/entry.s            0x00000000   Number         0  entry10b.o ABSOLUTE
    ../clib/microlib/string/memcpy.c         0x00000000   Number         0  memcpyb.o ABSOLUTE
    ../clib/microlib/string/memcpy.c         0x00000000   Number         0  memcpya.o ABSOLUTE
    ..\..\..\..\..\components\drivers_nrf\common\nrf_drv_common.c 0x00000000   Number         0  nrf_drv_common.o ABSOLUTE
    ..\..\..\..\..\components\drivers_nrf\delay\nrf_delay.c 0x00000000   Number         0  nrf_delay.o ABSOLUTE
    ..\..\..\..\..\components\drivers_nrf\twi_master\nrf_drv_twi.c 0x00000000   Number         0  nrf_drv_twi.o ABSOLUTE
    ..\..\..\..\..\components\drivers_nrf\uart\nrf_drv_uart.c 0x00000000   Number         0  nrf_drv_uart.o ABSOLUTE
    ..\..\..\..\..\components\libraries\fifo\app_fifo.c 0x00000000   Number         0  app_fifo.o ABSOLUTE
    ..\..\..\..\..\components\libraries\uart\app_uart_fifo.c 0x00000000   Number         0  app_uart_fifo.o ABSOLUTE
    ..\..\..\..\..\components\libraries\uart\retarget.c 0x00000000   Number         0  retarget.o ABSOLUTE
    ..\..\..\..\..\components\libraries\util\app_error.c 0x00000000   Number         0  app_error.o ABSOLUTE
    ..\..\..\..\..\components\libraries\util\app_error_weak.c 0x00000000   Number         0  app_error_weak.o ABSOLUTE
    ..\..\..\..\..\components\libraries\util\app_util_platform.c 0x00000000   Number         0  app_util_platform.o ABSOLUTE
    ..\..\..\..\..\components\libraries\util\nrf_assert.c 0x00000000   Number         0  nrf_assert.o ABSOLUTE
    ..\..\main.c                             0x00000000   Number         0  main.o ABSOLUTE
    ..\\..\\..\\..\\..\\components\\drivers_nrf\\common\\nrf_drv_common.c 0x00000000   Number         0  nrf_drv_common.o ABSOLUTE
    ..\\..\\..\\..\\..\\components\\drivers_nrf\\delay\\nrf_delay.c 0x00000000   Number         0  nrf_delay.o ABSOLUTE
    ..\\..\\..\\..\\..\\components\\drivers_nrf\\twi_master\\nrf_drv_twi.c 0x00000000   Number         0  nrf_drv_twi.o ABSOLUTE
    ..\\..\\..\\..\\..\\components\\drivers_nrf\\uart\\nrf_drv_uart.c 0x00000000   Number         0  nrf_drv_uart.o ABSOLUTE
    ..\\..\\..\\..\\..\\components\\libraries\\fifo\\app_fifo.c 0x00000000   Number         0  app_fifo.o ABSOLUTE
    ..\\..\\..\\..\\..\\components\\libraries\\uart\\app_uart_fifo.c 0x00000000   Number         0  app_uart_fifo.o ABSOLUTE
    ..\\..\\..\\..\\..\\components\\libraries\\uart\\retarget.c 0x00000000   Number         0  retarget.o ABSOLUTE
    ..\\..\\..\\..\\..\\components\\libraries\\util\\app_error.c 0x00000000   Number         0  app_error.o ABSOLUTE
    ..\\..\\..\\..\\..\\components\\libraries\\util\\app_error_weak.c 0x00000000   Number         0  app_error_weak.o ABSOLUTE
    ..\\..\\..\\..\\..\\components\\libraries\\util\\app_util_platform.c 0x00000000   Number         0  app_util_platform.o ABSOLUTE
    ..\\..\\..\\..\\..\\components\\libraries\\util\\nrf_assert.c 0x00000000   Number         0  nrf_assert.o ABSOLUTE
    ..\\..\\main.c                           0x00000000   Number         0  main.o ABSOLUTE
    1602_driver.c                            0x00000000   Number         0  1602_driver.o ABSOLUTE
    1602_driver.c                            0x00000000   Number         0  1602_driver.o ABSOLUTE
    RTE\Device\nRF51422_xxAC\arm_startup_nrf51.s 0x00000000   Number         0  arm_startup_nrf51.o ABSOLUTE
    RTE\Device\nRF51422_xxAC\system_nrf51.c  0x00000000   Number         0  system_nrf51.o ABSOLUTE
    RTE\\Device\\nRF51422_xxAC\\system_nrf51.c 0x00000000   Number         0  system_nrf51.o ABSOLUTE
    dc.s                                     0x00000000   Number         0  dc.o ABSOLUTE
    handlers.s                               0x00000000   Number         0  handlers.o ABSOLUTE
    init.s                                   0x00000000   Number         0  init.o ABSOLUTE
    .ARM.Collect$$$$00000000                 0x000000c0   Section        0  entry.o(.ARM.Collect$$$$00000000)
    .ARM.Collect$$$$00000001                 0x000000c0   Section        4  entry2.o(.ARM.Collect$$$$00000001)
    .ARM.Collect$$$$00000004                 0x000000c4   Section        4  entry5.o(.ARM.Collect$$$$00000004)
    .ARM.Collect$$$$00000008                 0x000000c8   Section        0  entry7b.o(.ARM.Collect$$$$00000008)
    .ARM.Collect$$$$0000000A                 0x000000c8   Section        0  entry8b.o(.ARM.Collect$$$$0000000A)
    .ARM.Collect$$$$0000000B                 0x000000c8   Section        8  entry9a.o(.ARM.Collect$$$$0000000B)
    .ARM.Collect$$$$0000000D                 0x000000d0   Section        0  entry10a.o(.ARM.Collect$$$$0000000D)
    .ARM.Collect$$$$0000000F                 0x000000d0   Section        0  entry11a.o(.ARM.Collect$$$$0000000F)
    .ARM.Collect$$$$00002712                 0x000000d0   Section        4  entry2.o(.ARM.Collect$$$$00002712)
    __lit__00000000                          0x000000d0   Data           4  entry2.o(.ARM.Collect$$$$00002712)
    .emb_text                                0x000000d4   Section       30  nrf_delay.o(.emb_text)
    .emb_text                                0x000000f4   Section       30  nrf_drv_twi.o(.emb_text)
    .emb_text                                0x00000114   Section       30  1602_driver.o(.emb_text)
    .text                                    0x00000134   Section       56  arm_startup_nrf51.o(.text)
    .text                                    0x0000016c   Section       36  init.o(.text)
    i.NVIC_SetPriority                       0x00000190   Section        0  nrf_drv_common.o(i.NVIC_SetPriority)
    NVIC_SetPriority                         0x00000191   Thumb Code   110  nrf_drv_common.o(i.NVIC_SetPriority)
    i.SPI0_TWI0_IRQHandler                   0x00000208   Section        0  nrf_drv_twi.o(i.SPI0_TWI0_IRQHandler)
    i.SystemInit                             0x0000021c   Section        0  system_nrf51.o(i.SystemInit)
    i.UART0_IRQHandler                       0x00000280   Section        0  nrf_drv_uart.o(i.UART0_IRQHandler)
    i.__scatterload_copy                     0x00000288   Section       14  handlers.o(i.__scatterload_copy)
    i.__scatterload_null                     0x00000296   Section        2  handlers.o(i.__scatterload_null)
    i.__scatterload_zeroinit                 0x00000298   Section       14  handlers.o(i.__scatterload_zeroinit)
    i.app_error_fault_handler                0x000002a8   Section        0  app_error_weak.o(i.app_error_fault_handler)
    i.app_error_handler_bare                 0x000002e0   Section        0  app_error.o(i.app_error_handler_bare)
    i.irq_handler_twi                        0x00000300   Section        0  nrf_drv_twi.o(i.irq_handler_twi)
    irq_handler_twi                          0x00000301   Thumb Code   240  nrf_drv_twi.o(i.irq_handler_twi)
    i.is_disabled_in_debug_needed            0x000003f0   Section        0  system_nrf51.o(i.is_disabled_in_debug_needed)
    is_disabled_in_debug_needed              0x000003f1   Thumb Code    52  system_nrf51.o(i.is_disabled_in_debug_needed)
    i.is_manual_peripheral_setup_needed      0x00000428   Section        0  system_nrf51.o(i.is_manual_peripheral_setup_needed)
    is_manual_peripheral_setup_needed        0x00000429   Thumb Code   104  system_nrf51.o(i.is_manual_peripheral_setup_needed)
    i.is_peripheral_domain_setup_needed      0x00000494   Section        0  system_nrf51.o(i.is_peripheral_domain_setup_needed)
    is_peripheral_domain_setup_needed        0x00000495   Thumb Code    78  system_nrf51.o(i.is_peripheral_domain_setup_needed)
    i.lcd_backlight                          0x000004e8   Section        0  1602_driver.o(i.lcd_backlight)
    i.lcd_begin                              0x000004f4   Section        0  1602_driver.o(i.lcd_begin)
    i.lcd_clear                              0x00000600   Section        0  1602_driver.o(i.lcd_clear)
    i.lcd_command                            0x00000612   Section        0  1602_driver.o(i.lcd_command)
    i.lcd_display                            0x00000620   Section        0  1602_driver.o(i.lcd_display)
    i.lcd_i2c_begin                          0x00000640   Section        0  1602_driver.o(i.lcd_i2c_begin)
    i.lcd_i2c_config                         0x00000658   Section        0  1602_driver.o(i.lcd_i2c_config)
    i.lcd_i2c_init                           0x000006d0   Section        0  1602_driver.o(i.lcd_i2c_init)
    i.lcd_i2c_io_initial                     0x0000072c   Section        0  1602_driver.o(i.lcd_i2c_io_initial)
    i.lcd_i2c_pulseEnable                    0x00000750   Section        0  1602_driver.o(i.lcd_i2c_pulseEnable)
    i.lcd_i2c_send                           0x000007b0   Section        0  1602_driver.o(i.lcd_i2c_send)
    i.lcd_i2c_setBacklight                   0x000007dc   Section        0  1602_driver.o(i.lcd_i2c_setBacklight)
    i.lcd_i2c_setBacklightPin                0x0000081c   Section        0  1602_driver.o(i.lcd_i2c_setBacklightPin)
    i.lcd_i2c_write4bits                     0x00000840   Section        0  1602_driver.o(i.lcd_i2c_write4bits)
    i.lcd_setCursor                          0x0000088c   Section        0  1602_driver.o(i.lcd_setCursor)
    i.lcd_write                              0x000008f4   Section        0  1602_driver.o(i.lcd_write)
    i.main                                   0x00000902   Section        0  main.o(i.main)
    i.nrf_delay_ms                           0x0000095c   Section        0  nrf_delay.o(i.nrf_delay_ms)
    i.nrf_drv_common_irq_enable              0x00000978   Section        0  nrf_drv_common.o(i.nrf_drv_common_irq_enable)
    i.nrf_drv_get_IRQn                       0x000009b0   Section        0  nrf_drv_twi.o(i.nrf_drv_get_IRQn)
    nrf_drv_get_IRQn                         0x000009b1   Thumb Code    10  nrf_drv_twi.o(i.nrf_drv_get_IRQn)
    i.nrf_drv_twi_enable                     0x000009bc   Section        0  nrf_drv_twi.o(i.nrf_drv_twi_enable)
    i.nrf_drv_twi_init                       0x000009e4   Section        0  nrf_drv_twi.o(i.nrf_drv_twi_init)
    i.nrf_drv_twi_tx                         0x00000aa0   Section        0  nrf_drv_twi.o(i.nrf_drv_twi_tx)
    i.nrf_drv_twi_xfer                       0x00000ad4   Section        0  nrf_drv_twi.o(i.nrf_drv_twi_xfer)
    i.nrf_gpio_pin_clear                     0x00000b0c   Section        0  nrf_drv_twi.o(i.nrf_gpio_pin_clear)
    nrf_gpio_pin_clear                       0x00000b0d   Thumb Code    10  nrf_drv_twi.o(i.nrf_gpio_pin_clear)
    i.nrf_gpio_pin_set                       0x00000b1c   Section        0  nrf_drv_twi.o(i.nrf_gpio_pin_set)
    nrf_gpio_pin_set                         0x00000b1d   Thumb Code    10  nrf_drv_twi.o(i.nrf_gpio_pin_set)
    i.nrf_twi_event_check                    0x00000b2c   Section        0  nrf_drv_twi.o(i.nrf_twi_event_check)
    nrf_twi_event_check                      0x00000b2d   Thumb Code    16  nrf_drv_twi.o(i.nrf_twi_event_check)
    i.nrf_twi_event_clear                    0x00000b3c   Section        0  nrf_drv_twi.o(i.nrf_twi_event_clear)
    nrf_twi_event_clear                      0x00000b3d   Thumb Code     6  nrf_drv_twi.o(i.nrf_twi_event_clear)
    i.nrf_twi_int_disable                    0x00000b42   Section        0  nrf_drv_twi.o(i.nrf_twi_int_disable)
    nrf_twi_int_disable                      0x00000b43   Thumb Code    10  nrf_drv_twi.o(i.nrf_twi_int_disable)
    i.nrf_twi_int_enable                     0x00000b4c   Section        0  nrf_drv_twi.o(i.nrf_twi_int_enable)
    nrf_twi_int_enable                       0x00000b4d   Thumb Code    10  nrf_drv_twi.o(i.nrf_twi_int_enable)
    i.nrf_twi_shorts_set                     0x00000b56   Section        0  nrf_drv_twi.o(i.nrf_twi_shorts_set)
    nrf_twi_shorts_set                       0x00000b57   Thumb Code     8  nrf_drv_twi.o(i.nrf_twi_shorts_set)
    i.nrf_twi_task_trigger                   0x00000b5e   Section        0  nrf_drv_twi.o(i.nrf_twi_task_trigger)
    nrf_twi_task_trigger                     0x00000b5f   Thumb Code     6  nrf_drv_twi.o(i.nrf_twi_task_trigger)
    i.nrf_uart_errorsrc_get_and_clear        0x00000b64   Section        0  nrf_drv_uart.o(i.nrf_uart_errorsrc_get_and_clear)
    nrf_uart_errorsrc_get_and_clear          0x00000b65   Thumb Code    20  nrf_drv_uart.o(i.nrf_uart_errorsrc_get_and_clear)
    i.nrf_uart_event_check                   0x00000b78   Section        0  nrf_drv_uart.o(i.nrf_uart_event_check)
    nrf_uart_event_check                     0x00000b79   Thumb Code    16  nrf_drv_uart.o(i.nrf_uart_event_check)
    i.nrf_uart_event_clear                   0x00000b88   Section        0  nrf_drv_uart.o(i.nrf_uart_event_clear)
    nrf_uart_event_clear                     0x00000b89   Thumb Code     6  nrf_drv_uart.o(i.nrf_uart_event_clear)
    i.nrf_uart_int_disable                   0x00000b8e   Section        0  nrf_drv_uart.o(i.nrf_uart_int_disable)
    nrf_uart_int_disable                     0x00000b8f   Thumb Code    10  nrf_drv_uart.o(i.nrf_uart_int_disable)
    i.nrf_uart_int_enable_check              0x00000b98   Section        0  nrf_drv_uart.o(i.nrf_uart_int_enable_check)
    nrf_uart_int_enable_check                0x00000b99   Thumb Code    24  nrf_drv_uart.o(i.nrf_uart_int_enable_check)
    i.nrf_uart_task_trigger                  0x00000bb0   Section        0  nrf_drv_uart.o(i.nrf_uart_task_trigger)
    nrf_uart_task_trigger                    0x00000bb1   Thumb Code     6  nrf_drv_uart.o(i.nrf_uart_task_trigger)
    i.rx_byte                                0x00000bb8   Section        0  nrf_drv_uart.o(i.rx_byte)
    rx_byte                                  0x00000bb9   Thumb Code    82  nrf_drv_uart.o(i.rx_byte)
    i.rx_done_event                          0x00000c14   Section        0  nrf_drv_uart.o(i.rx_done_event)
    rx_done_event                            0x00000c15   Thumb Code    30  nrf_drv_uart.o(i.rx_done_event)
    i.twi_clear_bus                          0x00000c38   Section        0  nrf_drv_twi.o(i.twi_clear_bus)
    twi_clear_bus                            0x00000c39   Thumb Code   176  nrf_drv_twi.o(i.twi_clear_bus)
    i.twi_handler                            0x00000cf0   Section        0  1602_driver.o(i.twi_handler)
    i.twi_init                               0x00000d08   Section        0  1602_driver.o(i.twi_init)
    i.twi_receive_byte                       0x00000d54   Section        0  nrf_drv_twi.o(i.twi_receive_byte)
    twi_receive_byte                         0x00000d55   Thumb Code    76  nrf_drv_twi.o(i.twi_receive_byte)
    i.twi_rx_start_transfer                  0x00000da0   Section        0  nrf_drv_twi.o(i.twi_rx_start_transfer)
    twi_rx_start_transfer                    0x00000da1   Thumb Code   164  nrf_drv_twi.o(i.twi_rx_start_transfer)
    i.twi_send_byte                          0x00000e48   Section        0  nrf_drv_twi.o(i.twi_send_byte)
    twi_send_byte                            0x00000e49   Thumb Code    68  nrf_drv_twi.o(i.twi_send_byte)
    i.twi_transfer                           0x00000e8c   Section        0  nrf_drv_twi.o(i.twi_transfer)
    twi_transfer                             0x00000e8d   Thumb Code   300  nrf_drv_twi.o(i.twi_transfer)
    i.twi_tx_start_transfer                  0x00000fb8   Section        0  nrf_drv_twi.o(i.twi_tx_start_transfer)
    twi_tx_start_transfer                    0x00000fb9   Thumb Code   168  nrf_drv_twi.o(i.twi_tx_start_transfer)
    i.twi_xfer                               0x00001064   Section        0  nrf_drv_twi.o(i.twi_xfer)
    twi_xfer                                 0x00001065   Thumb Code   192  nrf_drv_twi.o(i.twi_xfer)
    i.tx_byte                                0x00001124   Section        0  nrf_drv_uart.o(i.tx_byte)
    tx_byte                                  0x00001125   Thumb Code    48  nrf_drv_uart.o(i.tx_byte)
    i.tx_done_event                          0x0000115c   Section        0  nrf_drv_uart.o(i.tx_done_event)
    tx_done_event                            0x0000115d   Thumb Code    38  nrf_drv_uart.o(i.tx_done_event)
    i.uart_irq_handler                       0x00001188   Section        0  nrf_drv_uart.o(i.uart_irq_handler)
    uart_irq_handler                         0x00001189   Thumb Code   364  nrf_drv_uart.o(i.uart_irq_handler)
    .constdata                               0x000012fc   Section       28  nrf_drv_twi.o(.constdata)
    m_default_config                         0x000012fc   Data          16  nrf_drv_twi.o(.constdata)
    .constdata                               0x00001318   Section       24  1602_driver.o(.constdata)
    m_twi_lcd1602                            0x00001318   Data           8  1602_driver.o(.constdata)
    .data                                    0x20000000   Section       19  1602_driver.o(.data)
    m_xfer_done                              0x20000000   Data           1  1602_driver.o(.data)
    m_set_mode_done                          0x20000001   Data           1  1602_driver.o(.data)
    .data                                    0x20000014   Section        4  system_nrf51.o(.data)
    __tagsym$$used                           0x20000014   Number         0  system_nrf51.o(.data)
    .bss                                     0x20000018   Section       40  nrf_drv_twi.o(.bss)
    m_cb                                     0x20000018   Data          40  nrf_drv_twi.o(.bss)
    .bss                                     0x20000040   Section       28  nrf_drv_uart.o(.bss)
    m_cb                                     0x20000040   Data          28  nrf_drv_uart.o(.bss)
    STACK                                    0x20000060   Section     2048  arm_startup_nrf51.o(STACK)

    Global Symbols

    Symbol Name                              Value     Ov Type        Size  Object(Section)

    BuildAttributes$$THM_ISAv3M$S$PE$A:L22$X:L11$S22$IEEE1$IW$USESV6$~STKCKD$USESV7$~SHL$OSPACE$EBA8$MICROLIB$REQ8$PRES8$EABIv2 0x00000000   Number         0  anon$$obj.o ABSOLUTE
    __ARM_use_no_argv                        0x00000000   Number         0  main.o ABSOLUTE
    __Vectors                                0x00000000   Data           4  arm_startup_nrf51.o(RESET)
    __cpp_initialize__aeabi_                  - Undefined Weak Reference
    __cxa_finalize                            - Undefined Weak Reference
    __decompress                              - Undefined Weak Reference
    _clock_init                               - Undefined Weak Reference
    _microlib_exit                            - Undefined Weak Reference
    __Vectors_End                            0x000000c0   Data           0  arm_startup_nrf51.o(RESET)
    __Vectors_Size                           0x000000c0   Number         0  arm_startup_nrf51.o ABSOLUTE
    __main                                   0x000000c1   Thumb Code     0  entry.o(.ARM.Collect$$$$00000000)
    _main_stk                                0x000000c1   Thumb Code     0  entry2.o(.ARM.Collect$$$$00000001)
    _main_scatterload                        0x000000c5   Thumb Code     0  entry5.o(.ARM.Collect$$$$00000004)
    __main_after_scatterload                 0x000000c9   Thumb Code     0  entry5.o(.ARM.Collect$$$$00000004)
    _main_clock                              0x000000c9   Thumb Code     0  entry7b.o(.ARM.Collect$$$$00000008)
    _main_cpp_init                           0x000000c9   Thumb Code     0  entry8b.o(.ARM.Collect$$$$0000000A)
    _main_init                               0x000000c9   Thumb Code     0  entry9a.o(.ARM.Collect$$$$0000000B)
    __rt_final_cpp                           0x000000d1   Thumb Code     0  entry10a.o(.ARM.Collect$$$$0000000D)
    __rt_final_exit                          0x000000d1   Thumb Code     0  entry11a.o(.ARM.Collect$$$$0000000F)
    __asm___11_nrf_delay_c_532987f3__nrf_delay_us 0x000000d5   Thumb Code    30  nrf_delay.o(.emb_text)
    __asm___13_nrf_drv_twi_c_a9bcf68d__nrf_delay_us 0x000000f5   Thumb Code    30  nrf_drv_twi.o(.emb_text)
    __asm___13_1602_driver_c_43d4125a__nrf_delay_us 0x00000115   Thumb Code    30  1602_driver.o(.emb_text)
    Reset_Handler                            0x00000135   Thumb Code    26  arm_startup_nrf51.o(.text)
    NMI_Handler                              0x0000014f   Thumb Code     2  arm_startup_nrf51.o(.text)
    HardFault_Handler                        0x00000151   Thumb Code     2  arm_startup_nrf51.o(.text)
    SVC_Handler                              0x00000153   Thumb Code     2  arm_startup_nrf51.o(.text)
    PendSV_Handler                           0x00000155   Thumb Code     2  arm_startup_nrf51.o(.text)
    SysTick_Handler                          0x00000157   Thumb Code     2  arm_startup_nrf51.o(.text)
    ADC_IRQHandler                           0x00000159   Thumb Code     0  arm_startup_nrf51.o(.text)
    CCM_AAR_IRQHandler                       0x00000159   Thumb Code     0  arm_startup_nrf51.o(.text)
    ECB_IRQHandler                           0x00000159   Thumb Code     0  arm_startup_nrf51.o(.text)
    GPIOTE_IRQHandler                        0x00000159   Thumb Code     0  arm_startup_nrf51.o(.text)
    LPCOMP_IRQHandler                        0x00000159   Thumb Code     0  arm_startup_nrf51.o(.text)
    POWER_CLOCK_IRQHandler                   0x00000159   Thumb Code     0  arm_startup_nrf51.o(.text)
    QDEC_IRQHandler                          0x00000159   Thumb Code     0  arm_startup_nrf51.o(.text)
    RADIO_IRQHandler                         0x00000159   Thumb Code     0  arm_startup_nrf51.o(.text)
    RNG_IRQHandler                           0x00000159   Thumb Code     0  arm_startup_nrf51.o(.text)
    RTC0_IRQHandler                          0x00000159   Thumb Code     0  arm_startup_nrf51.o(.text)
    RTC1_IRQHandler                          0x00000159   Thumb Code     0  arm_startup_nrf51.o(.text)
    SPI1_TWI1_IRQHandler                     0x00000159   Thumb Code     0  arm_startup_nrf51.o(.text)
    SWI0_IRQHandler                          0x00000159   Thumb Code     0  arm_startup_nrf51.o(.text)
    SWI1_IRQHandler                          0x00000159   Thumb Code     0  arm_startup_nrf51.o(.text)
    SWI2_IRQHandler                          0x00000159   Thumb Code     0  arm_startup_nrf51.o(.text)
    SWI3_IRQHandler                          0x00000159   Thumb Code     0  arm_startup_nrf51.o(.text)
    SWI4_IRQHandler                          0x00000159   Thumb Code     0  arm_startup_nrf51.o(.text)
    SWI5_IRQHandler                          0x00000159   Thumb Code     0  arm_startup_nrf51.o(.text)
    TEMP_IRQHandler                          0x00000159   Thumb Code     0  arm_startup_nrf51.o(.text)
    TIMER0_IRQHandler                        0x00000159   Thumb Code     0  arm_startup_nrf51.o(.text)
    TIMER1_IRQHandler                        0x00000159   Thumb Code     0  arm_startup_nrf51.o(.text)
    TIMER2_IRQHandler                        0x00000159   Thumb Code     0  arm_startup_nrf51.o(.text)
    WDT_IRQHandler                           0x00000159   Thumb Code     0  arm_startup_nrf51.o(.text)
    __scatterload                            0x0000016d   Thumb Code    28  init.o(.text)
    __scatterload_rt2                        0x0000016d   Thumb Code     0  init.o(.text)
    SPI0_TWI0_IRQHandler                     0x00000209   Thumb Code    12  nrf_drv_twi.o(i.SPI0_TWI0_IRQHandler)
    SystemInit                               0x0000021d   Thumb Code    76  system_nrf51.o(i.SystemInit)
    UART0_IRQHandler                         0x00000281   Thumb Code     8  nrf_drv_uart.o(i.UART0_IRQHandler)
    __scatterload_copy                       0x00000289   Thumb Code    14  handlers.o(i.__scatterload_copy)
    __scatterload_null                       0x00000297   Thumb Code     2  handlers.o(i.__scatterload_null)
    __scatterload_zeroinit                   0x00000299   Thumb Code    14  handlers.o(i.__scatterload_zeroinit)
    app_error_fault_handler                  0x000002a9   Thumb Code    48  app_error_weak.o(i.app_error_fault_handler)
    app_error_handler_bare                   0x000002e1   Thumb Code    26  app_error.o(i.app_error_handler_bare)
    lcd_backlight                            0x000004e9   Thumb Code    10  1602_driver.o(i.lcd_backlight)
    lcd_begin                                0x000004f5   Thumb Code   246  1602_driver.o(i.lcd_begin)
    lcd_clear                                0x00000601   Thumb Code    18  1602_driver.o(i.lcd_clear)
    lcd_command                              0x00000613   Thumb Code    14  1602_driver.o(i.lcd_command)
    lcd_display                              0x00000621   Thumb Code    28  1602_driver.o(i.lcd_display)
    lcd_i2c_begin                            0x00000641   Thumb Code    24  1602_driver.o(i.lcd_i2c_begin)
    lcd_i2c_config                           0x00000659   Thumb Code    88  1602_driver.o(i.lcd_i2c_config)
    lcd_i2c_init                             0x000006d1   Thumb Code    78  1602_driver.o(i.lcd_i2c_init)
    lcd_i2c_io_initial                       0x0000072d   Thumb Code    36  1602_driver.o(i.lcd_i2c_io_initial)
    lcd_i2c_pulseEnable                      0x00000751   Thumb Code    82  1602_driver.o(i.lcd_i2c_pulseEnable)
    lcd_i2c_send                             0x000007b1   Thumb Code    42  1602_driver.o(i.lcd_i2c_send)
    lcd_i2c_setBacklight                     0x000007dd   Thumb Code    50  1602_driver.o(i.lcd_i2c_setBacklight)
    lcd_i2c_setBacklightPin                  0x0000081d   Thumb Code    26  1602_driver.o(i.lcd_i2c_setBacklightPin)
    lcd_i2c_write4bits                       0x00000841   Thumb Code    62  1602_driver.o(i.lcd_i2c_write4bits)
    lcd_setCursor                            0x0000088d   Thumb Code    86  1602_driver.o(i.lcd_setCursor)
    lcd_write                                0x000008f5   Thumb Code    14  1602_driver.o(i.lcd_write)
    main                                     0x00000903   Thumb Code    88  main.o(i.main)
    nrf_delay_ms                             0x0000095d   Thumb Code    24  nrf_delay.o(i.nrf_delay_ms)
    nrf_drv_common_irq_enable                0x00000979   Thumb Code    48  nrf_drv_common.o(i.nrf_drv_common_irq_enable)
    nrf_drv_twi_enable                       0x000009bd   Thumb Code    34  nrf_drv_twi.o(i.nrf_drv_twi_enable)
    nrf_drv_twi_init                         0x000009e5   Thumb Code   174  nrf_drv_twi.o(i.nrf_drv_twi_init)
    nrf_drv_twi_tx                           0x00000aa1   Thumb Code    52  nrf_drv_twi.o(i.nrf_drv_twi_tx)
    nrf_drv_twi_xfer                         0x00000ad5   Thumb Code    52  nrf_drv_twi.o(i.nrf_drv_twi_xfer)
    twi_handler                              0x00000cf1   Thumb Code    18  1602_driver.o(i.twi_handler)
    twi_init                                 0x00000d09   Thumb Code    58  1602_driver.o(i.twi_init)
    Region$$Table$$Base                      0x00001330   Number         0  anon$$obj.o(Region$$Table)
    Region$$Table$$Limit                     0x00001350   Number         0  anon$$obj.o(Region$$Table)
    twi_busy                                 0x20000002   Data           1  1602_driver.o(.data)
    _Addr                                    0x20000003   Data           1  1602_driver.o(.data)
    _backlightPinMask                        0x20000004   Data           1  1602_driver.o(.data)
    _backlightStsMask                        0x20000005   Data           1  1602_driver.o(.data)
    _En                                      0x20000006   Data           1  1602_driver.o(.data)
    _Rw                                      0x20000007   Data           1  1602_driver.o(.data)
    _Rs                                      0x20000008   Data           1  1602_driver.o(.data)
    _data_pins                               0x20000009   Data           4  1602_driver.o(.data)
    _displayfunction                         0x2000000d   Data           1  1602_driver.o(.data)
    _displaycontrol                          0x2000000e   Data           1  1602_driver.o(.data)
    _displaymode                             0x2000000f   Data           1  1602_driver.o(.data)
    _numlines                                0x20000010   Data           1  1602_driver.o(.data)
    _cols                                    0x20000011   Data           1  1602_driver.o(.data)
    _polarity                                0x20000012   Data           1  1602_driver.o(.data)
    SystemCoreClock                          0x20000014   Data           4  system_nrf51.o(.data)
    __initial_sp                             0x20000860   Data           0  arm_startup_nrf51.o(STACK)



==============================================================================

Memory Map of the image

  Image Entry point : 0x000000c1

  Load Region LR_IROM1 (Base: 0x00000000, Size: 0x00001368, Max: 0x00040000, ABSOLUTE)

    Execution Region ER_IROM1 (Base: 0x00000000, Size: 0x00001350, Max: 0x00040000, ABSOLUTE)

    Base Addr    Size         Type   Attr      Idx    E Section Name        Object

    0x00000000   0x000000c0   Data   RO         1157    RESET               arm_startup_nrf51.o
    0x000000c0   0x00000000   Code   RO         1209  * .ARM.Collect$$$$00000000  mc_p.l(entry.o)
    0x000000c0   0x00000004   Code   RO         1216    .ARM.Collect$$$$00000001  mc_p.l(entry2.o)
    0x000000c4   0x00000004   Code   RO         1219    .ARM.Collect$$$$00000004  mc_p.l(entry5.o)
    0x000000c8   0x00000000   Code   RO         1221    .ARM.Collect$$$$00000008  mc_p.l(entry7b.o)
    0x000000c8   0x00000000   Code   RO         1223    .ARM.Collect$$$$0000000A  mc_p.l(entry8b.o)
    0x000000c8   0x00000008   Code   RO         1224    .ARM.Collect$$$$0000000B  mc_p.l(entry9a.o)
    0x000000d0   0x00000000   Code   RO         1226    .ARM.Collect$$$$0000000D  mc_p.l(entry10a.o)
    0x000000d0   0x00000000   Code   RO         1228    .ARM.Collect$$$$0000000F  mc_p.l(entry11a.o)
    0x000000d0   0x00000004   Code   RO         1217    .ARM.Collect$$$$00002712  mc_p.l(entry2.o)
    0x000000d4   0x0000001e   Code   RO          220    .emb_text           nrf_delay.o
    0x000000f2   0x00000002   PAD
    0x000000f4   0x0000001e   Code   RO          286    .emb_text           nrf_drv_twi.o
    0x00000112   0x00000002   PAD
    0x00000114   0x0000001e   Code   RO          916    .emb_text           1602_driver.o
    0x00000132   0x00000002   PAD
    0x00000134   0x00000038   Code   RO         1158    .text               arm_startup_nrf51.o
    0x0000016c   0x00000024   Code   RO         1230    .text               mc_p.l(init.o)
    0x00000190   0x00000078   Code   RO          248    i.NVIC_SetPriority  nrf_drv_common.o
    0x00000208   0x00000014   Code   RO          287    i.SPI0_TWI0_IRQHandler  nrf_drv_twi.o
    0x0000021c   0x00000064   Code   RO         1165    i.SystemInit        system_nrf51.o
    0x00000280   0x00000008   Code   RO          473    i.UART0_IRQHandler  nrf_drv_uart.o
    0x00000288   0x0000000e   Code   RO         1234    i.__scatterload_copy  mc_p.l(handlers.o)
    0x00000296   0x00000002   Code   RO         1235    i.__scatterload_null  mc_p.l(handlers.o)
    0x00000298   0x0000000e   Code   RO         1236    i.__scatterload_zeroinit  mc_p.l(handlers.o)
    0x000002a6   0x00000002   PAD
    0x000002a8   0x00000038   Code   RO          724    i.app_error_fault_handler  app_error_weak.o
    0x000002e0   0x00000020   Code   RO          689    i.app_error_handler_bare  app_error.o
    0x00000300   0x000000f0   Code   RO          288    i.irq_handler_twi   nrf_drv_twi.o
    0x000003f0   0x00000038   Code   RO         1166    i.is_disabled_in_debug_needed  system_nrf51.o
    0x00000428   0x0000006c   Code   RO         1167    i.is_manual_peripheral_setup_needed  system_nrf51.o
    0x00000494   0x00000054   Code   RO         1168    i.is_peripheral_domain_setup_needed  system_nrf51.o
    0x000004e8   0x0000000a   Code   RO          918    i.lcd_backlight     1602_driver.o
    0x000004f2   0x00000002   PAD
    0x000004f4   0x0000010c   Code   RO          919    i.lcd_begin         1602_driver.o
    0x00000600   0x00000012   Code   RO          921    i.lcd_clear         1602_driver.o
    0x00000612   0x0000000e   Code   RO          922    i.lcd_command       1602_driver.o
    0x00000620   0x00000020   Code   RO          925    i.lcd_display       1602_driver.o
    0x00000640   0x00000018   Code   RO          927    i.lcd_i2c_begin     1602_driver.o
    0x00000658   0x00000078   Code   RO          928    i.lcd_i2c_config    1602_driver.o
    0x000006d0   0x0000005c   Code   RO          929    i.lcd_i2c_init      1602_driver.o
    0x0000072c   0x00000024   Code   RO          930    i.lcd_i2c_io_initial  1602_driver.o
    0x00000750   0x00000060   Code   RO          931    i.lcd_i2c_pulseEnable  1602_driver.o
    0x000007b0   0x0000002a   Code   RO          932    i.lcd_i2c_send      1602_driver.o
    0x000007da   0x00000002   PAD
    0x000007dc   0x00000040   Code   RO          933    i.lcd_i2c_setBacklight  1602_driver.o
    0x0000081c   0x00000024   Code   RO          934    i.lcd_i2c_setBacklightPin  1602_driver.o
    0x00000840   0x0000004c   Code   RO          935    i.lcd_i2c_write4bits  1602_driver.o
    0x0000088c   0x00000068   Code   RO          949    i.lcd_setCursor     1602_driver.o
    0x000008f4   0x0000000e   Code   RO          950    i.lcd_write         1602_driver.o
    0x00000902   0x00000058   Code   RO            4    i.main              main.o
    0x0000095a   0x00000002   PAD
    0x0000095c   0x0000001c   Code   RO          221    i.nrf_delay_ms      nrf_delay.o
    0x00000978   0x00000038   Code   RO          249    i.nrf_drv_common_irq_enable  nrf_drv_common.o
    0x000009b0   0x0000000a   Code   RO          289    i.nrf_drv_get_IRQn  nrf_drv_twi.o
    0x000009ba   0x00000002   PAD
    0x000009bc   0x00000028   Code   RO          292    i.nrf_drv_twi_enable  nrf_drv_twi.o
    0x000009e4   0x000000bc   Code   RO          293    i.nrf_drv_twi_init  nrf_drv_twi.o
    0x00000aa0   0x00000034   Code   RO          297    i.nrf_drv_twi_tx    nrf_drv_twi.o
    0x00000ad4   0x00000038   Code   RO          299    i.nrf_drv_twi_xfer  nrf_drv_twi.o
    0x00000b0c   0x00000010   Code   RO          300    i.nrf_gpio_pin_clear  nrf_drv_twi.o
    0x00000b1c   0x00000010   Code   RO          301    i.nrf_gpio_pin_set  nrf_drv_twi.o
    0x00000b2c   0x00000010   Code   RO          302    i.nrf_twi_event_check  nrf_drv_twi.o
    0x00000b3c   0x00000006   Code   RO          303    i.nrf_twi_event_clear  nrf_drv_twi.o
    0x00000b42   0x0000000a   Code   RO          304    i.nrf_twi_int_disable  nrf_drv_twi.o
    0x00000b4c   0x0000000a   Code   RO          305    i.nrf_twi_int_enable  nrf_drv_twi.o
    0x00000b56   0x00000008   Code   RO          306    i.nrf_twi_shorts_set  nrf_drv_twi.o
    0x00000b5e   0x00000006   Code   RO          307    i.nrf_twi_task_trigger  nrf_drv_twi.o
    0x00000b64   0x00000014   Code   RO          492    i.nrf_uart_errorsrc_get_and_clear  nrf_drv_uart.o
    0x00000b78   0x00000010   Code   RO          493    i.nrf_uart_event_check  nrf_drv_uart.o
    0x00000b88   0x00000006   Code   RO          494    i.nrf_uart_event_clear  nrf_drv_uart.o
    0x00000b8e   0x0000000a   Code   RO          496    i.nrf_uart_int_disable  nrf_drv_uart.o
    0x00000b98   0x00000018   Code   RO          498    i.nrf_uart_int_enable_check  nrf_drv_uart.o
    0x00000bb0   0x00000006   Code   RO          499    i.nrf_uart_task_trigger  nrf_drv_uart.o
    0x00000bb6   0x00000002   PAD
    0x00000bb8   0x0000005c   Code   RO          502    i.rx_byte           nrf_drv_uart.o
    0x00000c14   0x00000024   Code   RO          503    i.rx_done_event     nrf_drv_uart.o
    0x00000c38   0x000000b8   Code   RO          308    i.twi_clear_bus     nrf_drv_twi.o
    0x00000cf0   0x00000018   Code   RO          951    i.twi_handler       1602_driver.o
    0x00000d08   0x0000004c   Code   RO          952    i.twi_init          1602_driver.o
    0x00000d54   0x0000004c   Code   RO          309    i.twi_receive_byte  nrf_drv_twi.o
    0x00000da0   0x000000a8   Code   RO          310    i.twi_rx_start_transfer  nrf_drv_twi.o
    0x00000e48   0x00000044   Code   RO          311    i.twi_send_byte     nrf_drv_twi.o
    0x00000e8c   0x0000012c   Code   RO          312    i.twi_transfer      nrf_drv_twi.o
    0x00000fb8   0x000000ac   Code   RO          313    i.twi_tx_start_transfer  nrf_drv_twi.o
    0x00001064   0x000000c0   Code   RO          314    i.twi_xfer          nrf_drv_twi.o
    0x00001124   0x00000038   Code   RO          505    i.tx_byte           nrf_drv_uart.o
    0x0000115c   0x0000002c   Code   RO          506    i.tx_done_event     nrf_drv_uart.o
    0x00001188   0x00000174   Code   RO          507    i.uart_irq_handler  nrf_drv_uart.o
    0x000012fc   0x0000001c   Data   RO          316    .constdata          nrf_drv_twi.o
    0x00001318   0x00000018   Data   RO          953    .constdata          1602_driver.o
    0x00001330   0x00000020   Data   RO         1232    Region$$Table       anon$$obj.o


    Execution Region RW_IRAM1 (Base: 0x20000000, Size: 0x00000860, Max: 0x00008000, ABSOLUTE)

    Base Addr    Size         Type   Attr      Idx    E Section Name        Object

    0x20000000   0x00000013   Data   RW          954    .data               1602_driver.o
    0x20000013   0x00000001   PAD
    0x20000014   0x00000004   Data   RW         1169    .data               system_nrf51.o
    0x20000018   0x00000028   Zero   RW          315    .bss                nrf_drv_twi.o
    0x20000040   0x0000001c   Zero   RW          508    .bss                nrf_drv_uart.o
    0x2000005c   0x00000004   PAD
    0x20000060   0x00000800   Zero   RW         1155    STACK               arm_startup_nrf51.o


==============================================================================

Image component sizes


      Code (inc. data)   RO Data    RW Data    ZI Data      Debug   Object Name

      1176        166         24         19          0      14041   1602_driver.o
        32          6          0          0          0       2165   app_error.o
        56          8          0          0          0       7158   app_error_weak.o
        56         18        192          0       2048        680   arm_startup_nrf51.o
        88          0          0          0          0      28471   main.o
        58          4          0          0          0       1667   nrf_delay.o
       176         18          0          0          0       7844   nrf_drv_common.o
      1884         60         28          0         40      29227   nrf_drv_twi.o
       690         38          0          0         28      15151   nrf_drv_uart.o
       348         38          0          4          0       2523   system_nrf51.o

    ----------------------------------------------------------------------
      4580        356        276         24       2120     108927   Object Totals
         0          0         32          0          0          0   (incl. Generated)
        16          0          0          1          4          0   (incl. Padding)

    ----------------------------------------------------------------------

      Code (inc. data)   RO Data    RW Data    ZI Data      Debug   Library Member Name

         0          0          0          0          0          0   entry.o
         0          0          0          0          0          0   entry10a.o
         0          0          0          0          0          0   entry11a.o
         8          4          0          0          0          0   entry2.o
         4          0          0          0          0          0   entry5.o
         0          0          0          0          0          0   entry7b.o
         0          0          0          0          0          0   entry8b.o
         8          4          0          0          0          0   entry9a.o
        30          0          0          0          0          0   handlers.o
        36          8          0          0          0         68   init.o

    ----------------------------------------------------------------------
        88         16          0          0          0         68   Library Totals
         2          0          0          0          0          0   (incl. Padding)

    ----------------------------------------------------------------------

      Code (inc. data)   RO Data    RW Data    ZI Data      Debug   Library Name

        86         16          0          0          0         68   mc_p.l

    ----------------------------------------------------------------------
        88         16          0          0          0         68   Library Totals

    ----------------------------------------------------------------------

==============================================================================


      Code (inc. data)   RO Data    RW Data    ZI Data      Debug   

      4668        372        276         24       2120     106351   Grand Totals
      4668        372        276         24       2120     106351   ELF Image Totals
      4668        372        276         24          0          0   ROM Totals

==============================================================================

    Total RO  Size (Code + RO Data)                 4944 (   4.83kB)
    Total RW  Size (RW Data + ZI Data)              2144 (   2.09kB)
    Total ROM Size (Code + RO Data + RW Data)       4968 (   4.85kB)

==============================================================================

