Component: ARM Compiler 5.06 update 2 (build 183) Tool: armlink [4d35b7]

==============================================================================

Section Cross References

    main.o(i.main) refers to nrf_delay.o(i.nrf_delay_ms) for nrf_delay_ms
    main.o(i.main) refers to 1602_driver.o(i.lcd_i2c_io_initial) for lcd_i2c_io_initial
    main.o(i.main) refers to 1602_driver.o(i.lcd_i2c_begin) for lcd_i2c_begin
    main.o(i.main) refers to 1602_driver.o(i.lcd_setCursor) for lcd_setCursor
    main.o(i.main) refers to 1602_driver.o(i.lcd_write) for lcd_write
    app_uart_fifo.o(i.app_uart_close) refers to nrf_drv_uart.o(i.nrf_drv_uart_uninit) for nrf_drv_uart_uninit
    app_uart_fifo.o(i.app_uart_flush) refers to app_fifo.o(i.app_fifo_flush) for app_fifo_flush
    app_uart_fifo.o(i.app_uart_flush) refers to app_uart_fifo.o(.bss) for .bss
    app_uart_fifo.o(i.app_uart_get) refers to nrf_drv_uart.o(i.nrf_drv_uart_rx) for nrf_drv_uart_rx
    app_uart_fifo.o(i.app_uart_get) refers to app_fifo.o(i.app_fifo_get) for app_fifo_get
    app_uart_fifo.o(i.app_uart_get) refers to app_uart_fifo.o(.bss) for .bss
    app_uart_fifo.o(i.app_uart_get) refers to app_uart_fifo.o(.data) for .data
    app_uart_fifo.o(i.app_uart_init) refers to app_fifo.o(i.app_fifo_init) for app_fifo_init
    app_uart_fifo.o(i.app_uart_init) refers to nrf_drv_uart.o(i.nrf_drv_uart_init) for nrf_drv_uart_init
    app_uart_fifo.o(i.app_uart_init) refers to nrf_drv_uart.o(i.nrf_drv_uart_rx_enable) for nrf_drv_uart_rx_enable
    app_uart_fifo.o(i.app_uart_init) refers to nrf_drv_uart.o(i.nrf_drv_uart_rx) for nrf_drv_uart_rx
    app_uart_fifo.o(i.app_uart_init) refers to app_uart_fifo.o(.data) for .data
    app_uart_fifo.o(i.app_uart_init) refers to app_uart_fifo.o(.bss) for .bss
    app_uart_fifo.o(i.app_uart_init) refers to app_uart_fifo.o(.constdata) for .constdata
    app_uart_fifo.o(i.app_uart_init) refers to app_uart_fifo.o(i.uart_event_handler) for uart_event_handler
    app_uart_fifo.o(i.app_uart_put) refers to app_fifo.o(i.app_fifo_put) for app_fifo_put
    app_uart_fifo.o(i.app_uart_put) refers to nrf_drv_uart.o(i.nrf_drv_uart_tx_in_progress) for nrf_drv_uart_tx_in_progress
    app_uart_fifo.o(i.app_uart_put) refers to app_fifo.o(i.app_fifo_get) for app_fifo_get
    app_uart_fifo.o(i.app_uart_put) refers to nrf_drv_uart.o(i.nrf_drv_uart_tx) for nrf_drv_uart_tx
    app_uart_fifo.o(i.app_uart_put) refers to app_uart_fifo.o(.bss) for .bss
    app_uart_fifo.o(i.app_uart_put) refers to app_uart_fifo.o(.data) for .data
    app_uart_fifo.o(i.uart_event_handler) refers to app_fifo.o(i.app_fifo_get) for app_fifo_get
    app_uart_fifo.o(i.uart_event_handler) refers to app_fifo.o(i.app_fifo_put) for app_fifo_put
    app_uart_fifo.o(i.uart_event_handler) refers to nrf_drv_uart.o(i.nrf_drv_uart_rx) for nrf_drv_uart_rx
    app_uart_fifo.o(i.uart_event_handler) refers to nrf_drv_uart.o(i.nrf_drv_uart_tx) for nrf_drv_uart_tx
    app_uart_fifo.o(i.uart_event_handler) refers to app_uart_fifo.o(.data) for .data
    app_uart_fifo.o(i.uart_event_handler) refers to app_uart_fifo.o(.bss) for .bss
    nrf_delay.o(i.nrf_delay_ms) refers to nrf_delay.o(.emb_text) for __asm___11_nrf_delay_c_532987f3__nrf_delay_us
    nrf_drv_twi.o(i.SPI0_TWI0_IRQHandler) refers to nrf_drv_twi.o(i.twi_transfer) for twi_transfer
    nrf_drv_twi.o(i.SPI0_TWI0_IRQHandler) refers to nrf_drv_twi.o(.bss) for .bss
    nrf_drv_twi.o(i.nrf_drv_twi_data_count_get) refers to nrf_drv_twi.o(.bss) for .bss
    nrf_drv_twi.o(i.nrf_drv_twi_disable) refers to nrf_drv_twi.o(.bss) for .bss
    nrf_drv_twi.o(i.nrf_drv_twi_enable) refers to nrf_drv_twi.o(.bss) for .bss
    nrf_drv_twi.o(i.nrf_drv_twi_init) refers to nrf_drv_twi.o(.emb_text) for __asm___13_nrf_drv_twi_c_a9bcf68d__nrf_delay_us
    nrf_drv_twi.o(i.nrf_drv_twi_init) refers to nrf_drv_common.o(i.nrf_drv_common_irq_enable) for nrf_drv_common_irq_enable
    nrf_drv_twi.o(i.nrf_drv_twi_init) refers to nrf_drv_twi.o(.bss) for .bss
    nrf_drv_twi.o(i.nrf_drv_twi_init) refers to nrf_drv_twi.o(.constdata) for .constdata
    nrf_drv_twi.o(i.nrf_drv_twi_rx) refers to nrf_drv_twi.o(i.nrf_drv_twi_xfer) for nrf_drv_twi_xfer
    nrf_drv_twi.o(i.nrf_drv_twi_rx) refers to nrf_drv_twi.o(.constdata) for .constdata
    nrf_drv_twi.o(i.nrf_drv_twi_tx) refers to nrf_drv_twi.o(i.nrf_drv_twi_xfer) for nrf_drv_twi_xfer
    nrf_drv_twi.o(i.nrf_drv_twi_uninit) refers to nrf_drv_twi.o(.bss) for .bss
    nrf_drv_twi.o(i.nrf_drv_twi_xfer) refers to nrf_drv_twi.o(i.twi_transfer) for twi_transfer
    nrf_drv_twi.o(i.nrf_drv_twi_xfer) refers to nrf_drv_twi.o(.bss) for .bss
    nrf_drv_uart.o(i.UART0_IRQHandler) refers to nrf_drv_uart.o(.bss) for .bss
    nrf_drv_uart.o(i.nrf_drv_uart_init) refers to nrf_drv_common.o(i.nrf_drv_common_irq_enable) for nrf_drv_common_irq_enable
    nrf_drv_uart.o(i.nrf_drv_uart_init) refers to nrf_drv_uart.o(.bss) for .bss
    nrf_drv_uart.o(i.nrf_drv_uart_init) refers to nrf_drv_uart.o(.constdata) for .constdata
    nrf_drv_uart.o(i.nrf_drv_uart_rx) refers to nrf_drv_uart.o(.bss) for .bss
    nrf_drv_uart.o(i.nrf_drv_uart_rx_disable) refers to nrf_drv_uart.o(.bss) for .bss
    nrf_drv_uart.o(i.nrf_drv_uart_rx_enable) refers to nrf_drv_uart.o(.bss) for .bss
    nrf_drv_uart.o(i.nrf_drv_uart_tx) refers to nrf_drv_uart.o(.bss) for .bss
    nrf_drv_uart.o(i.nrf_drv_uart_tx_abort) refers to nrf_drv_uart.o(.bss) for .bss
    nrf_drv_uart.o(i.nrf_drv_uart_tx_in_progress) refers to nrf_drv_uart.o(.bss) for .bss
    nrf_drv_uart.o(i.nrf_drv_uart_uninit) refers to nrf_drv_uart.o(.bss) for .bss
    app_error.o(i.app_error_handler) refers to app_error_weak.o(i.app_error_fault_handler) for app_error_fault_handler
    app_error.o(i.app_error_handler_bare) refers to app_error_weak.o(i.app_error_fault_handler) for app_error_fault_handler
    app_error.o(i.app_error_save_and_stop) refers to app_error.o(.bss) for .bss
    app_util_platform.o(i.app_util_critical_region_enter) refers to app_util_platform.o(.data) for .data
    app_util_platform.o(i.app_util_critical_region_exit) refers to app_util_platform.o(.data) for .data
    app_util_platform.o(i.app_util_disable_irq) refers to app_util_platform.o(.data) for .data
    app_util_platform.o(i.app_util_enable_irq) refers to app_util_platform.o(.data) for .data
    retarget.o(i.fgetc) refers to app_uart_fifo.o(i.app_uart_get) for app_uart_get
    retarget.o(i.fputc) refers to app_uart_fifo.o(i.app_uart_put) for app_uart_put
    1602_driver.o(i.lcd_autoscroll) refers to 1602_driver.o(i.lcd_command) for lcd_command
    1602_driver.o(i.lcd_autoscroll) refers to 1602_driver.o(.data) for .data
    1602_driver.o(i.lcd_backlight) refers to 1602_driver.o(.data) for .data
    1602_driver.o(i.lcd_begin) refers to nrf_delay.o(i.nrf_delay_ms) for nrf_delay_ms
    1602_driver.o(i.lcd_begin) refers to 1602_driver.o(i.lcd_i2c_write4bits) for lcd_i2c_write4bits
    1602_driver.o(i.lcd_begin) refers to 1602_driver.o(.emb_text) for __asm___13_1602_driver_c_43d4125a__nrf_delay_us
    1602_driver.o(i.lcd_begin) refers to 1602_driver.o(i.lcd_command) for lcd_command
    1602_driver.o(i.lcd_begin) refers to 1602_driver.o(.data) for .data
    1602_driver.o(i.lcd_blink) refers to 1602_driver.o(i.lcd_command) for lcd_command
    1602_driver.o(i.lcd_blink) refers to 1602_driver.o(.data) for .data
    1602_driver.o(i.lcd_clear) refers to 1602_driver.o(i.lcd_command) for lcd_command
    1602_driver.o(i.lcd_clear) refers to 1602_driver.o(.emb_text) for __asm___13_1602_driver_c_43d4125a__nrf_delay_us
    1602_driver.o(i.lcd_command) refers to 1602_driver.o(i.lcd_i2c_write4bits) for lcd_i2c_write4bits
    1602_driver.o(i.lcd_createChar) refers to 1602_driver.o(i.lcd_command) for lcd_command
    1602_driver.o(i.lcd_createChar) refers to 1602_driver.o(.emb_text) for __asm___13_1602_driver_c_43d4125a__nrf_delay_us
    1602_driver.o(i.lcd_createChar) refers to 1602_driver.o(i.lcd_i2c_write4bits) for lcd_i2c_write4bits
    1602_driver.o(i.lcd_cursor) refers to 1602_driver.o(i.lcd_command) for lcd_command
    1602_driver.o(i.lcd_cursor) refers to 1602_driver.o(.data) for .data
    1602_driver.o(i.lcd_display) refers to 1602_driver.o(i.lcd_command) for lcd_command
    1602_driver.o(i.lcd_display) refers to 1602_driver.o(.data) for .data
    1602_driver.o(i.lcd_home) refers to 1602_driver.o(i.lcd_command) for lcd_command
    1602_driver.o(i.lcd_home) refers to 1602_driver.o(.emb_text) for __asm___13_1602_driver_c_43d4125a__nrf_delay_us
    1602_driver.o(i.lcd_i2c_begin) refers to nrf_drv_twi.o(i.nrf_drv_twi_init) for nrf_drv_twi_init
    1602_driver.o(i.lcd_i2c_begin) refers to app_error.o(i.app_error_handler_bare) for app_error_handler_bare
    1602_driver.o(i.lcd_i2c_begin) refers to nrf_drv_twi.o(i.nrf_drv_twi_enable) for nrf_drv_twi_enable
    1602_driver.o(i.lcd_i2c_begin) refers to nrf_drv_twi.o(i.nrf_drv_twi_tx) for nrf_drv_twi_tx
    1602_driver.o(i.lcd_i2c_begin) refers to 1602_driver.o(i.lcd_begin) for lcd_begin
    1602_driver.o(i.lcd_i2c_begin) refers to 1602_driver.o(.constdata) for .constdata
    1602_driver.o(i.lcd_i2c_begin) refers to 1602_driver.o(.data) for .data
    1602_driver.o(i.lcd_i2c_config) refers to 1602_driver.o(.data) for .data
    1602_driver.o(i.lcd_i2c_init) refers to nrf_drv_twi.o(i.nrf_drv_twi_init) for nrf_drv_twi_init
    1602_driver.o(i.lcd_i2c_init) refers to app_error.o(i.app_error_handler_bare) for app_error_handler_bare
    1602_driver.o(i.lcd_i2c_init) refers to nrf_drv_twi.o(i.nrf_drv_twi_enable) for nrf_drv_twi_enable
    1602_driver.o(i.lcd_i2c_init) refers to nrf_drv_twi.o(i.nrf_drv_twi_tx) for nrf_drv_twi_tx
    1602_driver.o(i.lcd_i2c_init) refers to 1602_driver.o(.constdata) for .constdata
    1602_driver.o(i.lcd_i2c_init) refers to 1602_driver.o(.data) for .data
    1602_driver.o(i.lcd_i2c_io_initial) refers to 1602_driver.o(.data) for .data
    1602_driver.o(i.lcd_i2c_pulseEnable) refers to nrf_drv_twi.o(i.nrf_drv_twi_tx) for nrf_drv_twi_tx
    1602_driver.o(i.lcd_i2c_pulseEnable) refers to app_error.o(i.app_error_handler_bare) for app_error_handler_bare
    1602_driver.o(i.lcd_i2c_pulseEnable) refers to 1602_driver.o(.data) for .data
    1602_driver.o(i.lcd_i2c_pulseEnable) refers to 1602_driver.o(.constdata) for .constdata
    1602_driver.o(i.lcd_i2c_send) refers to 1602_driver.o(i.lcd_i2c_write4bits) for lcd_i2c_write4bits
    1602_driver.o(i.lcd_i2c_setBacklight) refers to 1602_driver.o(.data) for .data
    1602_driver.o(i.lcd_i2c_setBacklightPin) refers to 1602_driver.o(.data) for .data
    1602_driver.o(i.lcd_i2c_write4bits) refers to nrf_drv_twi.o(i.nrf_drv_twi_tx) for nrf_drv_twi_tx
    1602_driver.o(i.lcd_i2c_write4bits) refers to app_error.o(i.app_error_handler_bare) for app_error_handler_bare
    1602_driver.o(i.lcd_i2c_write4bits) refers to 1602_driver.o(.data) for .data
    1602_driver.o(i.lcd_i2c_write4bits) refers to 1602_driver.o(.constdata) for .constdata
    1602_driver.o(i.lcd_leftToRight) refers to 1602_driver.o(i.lcd_command) for lcd_command
    1602_driver.o(i.lcd_leftToRight) refers to 1602_driver.o(.data) for .data
    1602_driver.o(i.lcd_moveCursorLeft) refers to 1602_driver.o(i.lcd_command) for lcd_command
    1602_driver.o(i.lcd_moveCursorRight) refers to 1602_driver.o(i.lcd_command) for lcd_command
    1602_driver.o(i.lcd_noAutoscroll) refers to 1602_driver.o(i.lcd_command) for lcd_command
    1602_driver.o(i.lcd_noAutoscroll) refers to 1602_driver.o(.data) for .data
    1602_driver.o(i.lcd_noBacklight) refers to 1602_driver.o(.data) for .data
    1602_driver.o(i.lcd_noBlink) refers to 1602_driver.o(i.lcd_command) for lcd_command
    1602_driver.o(i.lcd_noBlink) refers to 1602_driver.o(.data) for .data
    1602_driver.o(i.lcd_noCursor) refers to 1602_driver.o(i.lcd_command) for lcd_command
    1602_driver.o(i.lcd_noCursor) refers to 1602_driver.o(.data) for .data
    1602_driver.o(i.lcd_noDisplay) refers to 1602_driver.o(i.lcd_command) for lcd_command
    1602_driver.o(i.lcd_noDisplay) refers to 1602_driver.o(.data) for .data
    1602_driver.o(i.lcd_off) refers to 1602_driver.o(i.lcd_command) for lcd_command
    1602_driver.o(i.lcd_off) refers to 1602_driver.o(.data) for .data
    1602_driver.o(i.lcd_on) refers to 1602_driver.o(i.lcd_command) for lcd_command
    1602_driver.o(i.lcd_on) refers to 1602_driver.o(.data) for .data
    1602_driver.o(i.lcd_rightToLeft) refers to 1602_driver.o(i.lcd_command) for lcd_command
    1602_driver.o(i.lcd_rightToLeft) refers to 1602_driver.o(.data) for .data
    1602_driver.o(i.lcd_scrollDisplayLeft) refers to 1602_driver.o(i.lcd_command) for lcd_command
    1602_driver.o(i.lcd_scrollDisplayRight) refers to 1602_driver.o(i.lcd_command) for lcd_command
    1602_driver.o(i.lcd_setCursor) refers to 1602_driver.o(i.lcd_command) for lcd_command
    1602_driver.o(i.lcd_setCursor) refers to 1602_driver.o(.data) for .data
    1602_driver.o(i.lcd_write) refers to 1602_driver.o(i.lcd_i2c_write4bits) for lcd_i2c_write4bits
    1602_driver.o(i.twi_handler) refers to 1602_driver.o(.data) for .data
    1602_driver.o(i.twi_init) refers to nrf_drv_twi.o(i.nrf_drv_twi_init) for nrf_drv_twi_init
    1602_driver.o(i.twi_init) refers to app_error.o(i.app_error_handler_bare) for app_error_handler_bare
    1602_driver.o(i.twi_init) refers to nrf_drv_twi.o(i.nrf_drv_twi_enable) for nrf_drv_twi_enable
    1602_driver.o(i.twi_init) refers to 1602_driver.o(.constdata) for .constdata
    1602_driver.o(i.twi_init) refers to 1602_driver.o(.data) for .data
    arm_startup_nrf51.o(RESET) refers to arm_startup_nrf51.o(STACK) for __initial_sp
    arm_startup_nrf51.o(RESET) refers to arm_startup_nrf51.o(.text) for Reset_Handler
    arm_startup_nrf51.o(RESET) refers to nrf_drv_uart.o(i.UART0_IRQHandler) for UART0_IRQHandler
    arm_startup_nrf51.o(RESET) refers to nrf_drv_twi.o(i.SPI0_TWI0_IRQHandler) for SPI0_TWI0_IRQHandler
    arm_startup_nrf51.o(.text) refers to system_nrf51.o(i.SystemInit) for SystemInit
    arm_startup_nrf51.o(.text) refers to entry.o(.ARM.Collect$$$$00000000) for __main
    system_nrf51.o(i.SystemCoreClockUpdate) refers to system_nrf51.o(.data) for .data
    entry.o(.ARM.Collect$$$$00000000) refers (Special) to entry10a.o(.ARM.Collect$$$$0000000D) for __rt_final_cpp
    entry.o(.ARM.Collect$$$$00000000) refers (Special) to entry11a.o(.ARM.Collect$$$$0000000F) for __rt_final_exit
    entry.o(.ARM.Collect$$$$00000000) refers (Special) to entry7b.o(.ARM.Collect$$$$00000008) for _main_clock
    entry.o(.ARM.Collect$$$$00000000) refers (Special) to entry8b.o(.ARM.Collect$$$$0000000A) for _main_cpp_init
    entry.o(.ARM.Collect$$$$00000000) refers (Special) to entry9a.o(.ARM.Collect$$$$0000000B) for _main_init
    entry.o(.ARM.Collect$$$$00000000) refers (Special) to entry5.o(.ARM.Collect$$$$00000004) for _main_scatterload
    entry.o(.ARM.Collect$$$$00000000) refers (Special) to entry2.o(.ARM.Collect$$$$00000001) for _main_stk
    entry2.o(.ARM.Collect$$$$00000001) refers to entry2.o(.ARM.Collect$$$$00002712) for __lit__00000000
    entry2.o(.ARM.Collect$$$$00002712) refers to arm_startup_nrf51.o(STACK) for __initial_sp
    entry2.o(__vectab_stack_and_reset_area) refers to arm_startup_nrf51.o(STACK) for __initial_sp
    entry2.o(__vectab_stack_and_reset_area) refers to entry.o(.ARM.Collect$$$$00000000) for __main
    entry5.o(.ARM.Collect$$$$00000004) refers to init.o(.text) for __scatterload
    entry9a.o(.ARM.Collect$$$$0000000B) refers to main.o(i.main) for main
    entry9b.o(.ARM.Collect$$$$0000000C) refers to main.o(i.main) for main
    init.o(.text) refers to entry5.o(.ARM.Collect$$$$00000004) for __main_after_scatterload


==============================================================================

Removing Unused input sections from the image.

    Removing main.o(.rev16_text), (4 bytes).
    Removing main.o(.revsh_text), (4 bytes).
    Removing main.o(.emb_text), (30 bytes).
    Removing app_uart_fifo.o(.rev16_text), (4 bytes).
    Removing app_uart_fifo.o(.revsh_text), (4 bytes).
    Removing app_uart_fifo.o(i.app_uart_close), (10 bytes).
    Removing app_uart_fifo.o(i.app_uart_flush), (28 bytes).
    Removing app_uart_fifo.o(i.app_uart_get), (52 bytes).
    Removing app_uart_fifo.o(i.app_uart_init), (176 bytes).
    Removing app_uart_fifo.o(i.app_uart_put), (56 bytes).
    Removing app_uart_fifo.o(i.uart_event_handler), (192 bytes).
    Removing app_uart_fifo.o(.bss), (32 bytes).
    Removing app_uart_fifo.o(.constdata), (32 bytes).
    Removing app_uart_fifo.o(.data), (8 bytes).
    Removing nrf_delay.o(.rev16_text), (4 bytes).
    Removing nrf_delay.o(.revsh_text), (4 bytes).
    Removing nrf_drv_common.o(.rev16_text), (4 bytes).
    Removing nrf_drv_common.o(.revsh_text), (4 bytes).
    Removing nrf_drv_twi.o(.rev16_text), (4 bytes).
    Removing nrf_drv_twi.o(.revsh_text), (4 bytes).
    Removing nrf_drv_twi.o(i.nrf_drv_twi_data_count_get), (20 bytes).
    Removing nrf_drv_twi.o(i.nrf_drv_twi_disable), (56 bytes).
    Removing nrf_drv_twi.o(i.nrf_drv_twi_rx), (40 bytes).
    Removing nrf_drv_twi.o(i.nrf_drv_twi_start_task_get), (16 bytes).
    Removing nrf_drv_twi.o(i.nrf_drv_twi_stopped_event_get), (8 bytes).
    Removing nrf_drv_twi.o(i.nrf_drv_twi_uninit), (96 bytes).
    Removing nrf_drv_uart.o(.rev16_text), (4 bytes).
    Removing nrf_drv_uart.o(.revsh_text), (4 bytes).
    Removing nrf_drv_uart.o(i.nrf_drv_uart_errorsrc_get), (24 bytes).
    Removing nrf_drv_uart.o(i.nrf_drv_uart_init), (212 bytes).
    Removing nrf_drv_uart.o(i.nrf_drv_uart_rx), (256 bytes).
    Removing nrf_drv_uart.o(i.nrf_drv_uart_rx_abort), (24 bytes).
    Removing nrf_drv_uart.o(i.nrf_drv_uart_rx_disable), (24 bytes).
    Removing nrf_drv_uart.o(i.nrf_drv_uart_rx_enable), (36 bytes).
    Removing nrf_drv_uart.o(i.nrf_drv_uart_tx), (156 bytes).
    Removing nrf_drv_uart.o(i.nrf_drv_uart_tx_abort), (64 bytes).
    Removing nrf_drv_uart.o(i.nrf_drv_uart_tx_in_progress), (16 bytes).
    Removing nrf_drv_uart.o(i.nrf_drv_uart_uninit), (120 bytes).
    Removing nrf_drv_uart.o(.constdata), (32 bytes).
    Removing app_error.o(.rev16_text), (4 bytes).
    Removing app_error.o(.revsh_text), (4 bytes).
    Removing app_error.o(i.app_error_handler), (32 bytes).
    Removing app_error.o(i.app_error_save_and_stop), (104 bytes).
    Removing app_error.o(.bss), (32 bytes).
    Removing app_error_weak.o(.rev16_text), (4 bytes).
    Removing app_error_weak.o(.revsh_text), (4 bytes).
    Removing app_fifo.o(.rev16_text), (4 bytes).
    Removing app_fifo.o(.revsh_text), (4 bytes).
    Removing app_fifo.o(i.app_fifo_flush), (8 bytes).
    Removing app_fifo.o(i.app_fifo_get), (34 bytes).
    Removing app_fifo.o(i.app_fifo_init), (36 bytes).
    Removing app_fifo.o(i.app_fifo_peek), (38 bytes).
    Removing app_fifo.o(i.app_fifo_put), (34 bytes).
    Removing app_fifo.o(i.app_fifo_read), (184 bytes).
    Removing app_fifo.o(i.app_fifo_write), (196 bytes).
    Removing app_util_platform.o(.rev16_text), (4 bytes).
    Removing app_util_platform.o(.revsh_text), (4 bytes).
    Removing app_util_platform.o(i.app_util_critical_region_enter), (16 bytes).
    Removing app_util_platform.o(i.app_util_critical_region_exit), (20 bytes).
    Removing app_util_platform.o(i.app_util_disable_irq), (16 bytes).
    Removing app_util_platform.o(i.app_util_enable_irq), (20 bytes).
    Removing app_util_platform.o(.data), (4 bytes).
    Removing nrf_assert.o(.rev16_text), (4 bytes).
    Removing nrf_assert.o(.revsh_text), (4 bytes).
    Removing retarget.o(.rev16_text), (4 bytes).
    Removing retarget.o(.revsh_text), (4 bytes).
    Removing retarget.o(i.fgetc), (18 bytes).
    Removing retarget.o(i.fputc), (14 bytes).
    Removing retarget.o(.data), (4 bytes).
    Removing retarget.o(.data), (4 bytes).
    Removing 1602_driver.o(.rev16_text), (4 bytes).
    Removing 1602_driver.o(.revsh_text), (4 bytes).
    Removing 1602_driver.o(i.lcd_autoscroll), (28 bytes).
    Removing 1602_driver.o(i.lcd_backlight), (28 bytes).
    Removing 1602_driver.o(i.lcd_blink), (28 bytes).
    Removing 1602_driver.o(i.lcd_clear), (18 bytes).
    Removing 1602_driver.o(i.lcd_createChar), (62 bytes).
    Removing 1602_driver.o(i.lcd_cursor), (28 bytes).
    Removing 1602_driver.o(i.lcd_display), (28 bytes).
    Removing 1602_driver.o(i.lcd_home), (18 bytes).
    Removing 1602_driver.o(i.lcd_i2c_config), (88 bytes).
    Removing 1602_driver.o(i.lcd_i2c_init), (96 bytes).
    Removing 1602_driver.o(i.lcd_i2c_pulseEnable), (56 bytes).
    Removing 1602_driver.o(i.lcd_i2c_send), (38 bytes).
    Removing 1602_driver.o(i.lcd_i2c_setBacklight), (44 bytes).
    Removing 1602_driver.o(i.lcd_i2c_setBacklightPin), (40 bytes).
    Removing 1602_driver.o(i.lcd_leftToRight), (28 bytes).
    Removing 1602_driver.o(i.lcd_moveCursorLeft), (10 bytes).
    Removing 1602_driver.o(i.lcd_moveCursorRight), (10 bytes).
    Removing 1602_driver.o(i.lcd_noAutoscroll), (28 bytes).
    Removing 1602_driver.o(i.lcd_noBacklight), (32 bytes).
    Removing 1602_driver.o(i.lcd_noBlink), (28 bytes).
    Removing 1602_driver.o(i.lcd_noCursor), (28 bytes).
    Removing 1602_driver.o(i.lcd_noDisplay), (28 bytes).
    Removing 1602_driver.o(i.lcd_off), (52 bytes).
    Removing 1602_driver.o(i.lcd_on), (48 bytes).
    Removing 1602_driver.o(i.lcd_rightToLeft), (28 bytes).
    Removing 1602_driver.o(i.lcd_scrollDisplayLeft), (10 bytes).
    Removing 1602_driver.o(i.lcd_scrollDisplayRight), (10 bytes).
    Removing 1602_driver.o(i.twi_handler), (16 bytes).
    Removing 1602_driver.o(i.twi_init), (64 bytes).
    Removing arm_startup_nrf51.o(HEAP), (2048 bytes).
    Removing system_nrf51.o(.rev16_text), (4 bytes).
    Removing system_nrf51.o(.revsh_text), (4 bytes).
    Removing system_nrf51.o(i.SystemCoreClockUpdate), (16 bytes).

105 unused section(s) (total 5826 bytes) removed from the image.

==============================================================================

Image Symbol Table

    Local Symbols

    Symbol Name                              Value     Ov Type        Size  Object(Section)

    ../clib/microlib/init/entry.s            0x00000000   Number         0  entry10a.o ABSOLUTE
    ../clib/microlib/init/entry.s            0x00000000   Number         0  entry11b.o ABSOLUTE
    ../clib/microlib/init/entry.s            0x00000000   Number         0  entry11a.o ABSOLUTE
    ../clib/microlib/init/entry.s            0x00000000   Number         0  entry10b.o ABSOLUTE
    ../clib/microlib/init/entry.s            0x00000000   Number         0  entry9a.o ABSOLUTE
    ../clib/microlib/init/entry.s            0x00000000   Number         0  entry8b.o ABSOLUTE
    ../clib/microlib/init/entry.s            0x00000000   Number         0  entry8a.o ABSOLUTE
    ../clib/microlib/init/entry.s            0x00000000   Number         0  entry7b.o ABSOLUTE
    ../clib/microlib/init/entry.s            0x00000000   Number         0  entry7a.o ABSOLUTE
    ../clib/microlib/init/entry.s            0x00000000   Number         0  entry5.o ABSOLUTE
    ../clib/microlib/init/entry.s            0x00000000   Number         0  entry9b.o ABSOLUTE
    ../clib/microlib/init/entry.s            0x00000000   Number         0  entry2.o ABSOLUTE
    ../clib/microlib/init/entry.s            0x00000000   Number         0  entry.o ABSOLUTE
    ..\..\..\..\..\components\drivers_nrf\common\nrf_drv_common.c 0x00000000   Number         0  nrf_drv_common.o ABSOLUTE
    ..\..\..\..\..\components\drivers_nrf\delay\nrf_delay.c 0x00000000   Number         0  nrf_delay.o ABSOLUTE
    ..\..\..\..\..\components\drivers_nrf\twi_master\nrf_drv_twi.c 0x00000000   Number         0  nrf_drv_twi.o ABSOLUTE
    ..\..\..\..\..\components\drivers_nrf\uart\nrf_drv_uart.c 0x00000000   Number         0  nrf_drv_uart.o ABSOLUTE
    ..\..\..\..\..\components\libraries\fifo\app_fifo.c 0x00000000   Number         0  app_fifo.o ABSOLUTE
    ..\..\..\..\..\components\libraries\uart\app_uart_fifo.c 0x00000000   Number         0  app_uart_fifo.o ABSOLUTE
    ..\..\..\..\..\components\libraries\uart\retarget.c 0x00000000   Number         0  retarget.o ABSOLUTE
    ..\..\..\..\..\components\libraries\util\app_error.c 0x00000000   Number         0  app_error.o ABSOLUTE
    ..\..\..\..\..\components\libraries\util\app_error_weak.c 0x00000000   Number         0  app_error_weak.o ABSOLUTE
    ..\..\..\..\..\components\libraries\util\app_util_platform.c 0x00000000   Number         0  app_util_platform.o ABSOLUTE
    ..\..\..\..\..\components\libraries\util\nrf_assert.c 0x00000000   Number         0  nrf_assert.o ABSOLUTE
    ..\..\main.c                             0x00000000   Number         0  main.o ABSOLUTE
    ..\\..\\..\\..\\..\\components\\drivers_nrf\\common\\nrf_drv_common.c 0x00000000   Number         0  nrf_drv_common.o ABSOLUTE
    ..\\..\\..\\..\\..\\components\\drivers_nrf\\delay\\nrf_delay.c 0x00000000   Number         0  nrf_delay.o ABSOLUTE
    ..\\..\\..\\..\\..\\components\\drivers_nrf\\twi_master\\nrf_drv_twi.c 0x00000000   Number         0  nrf_drv_twi.o ABSOLUTE
    ..\\..\\..\\..\\..\\components\\drivers_nrf\\uart\\nrf_drv_uart.c 0x00000000   Number         0  nrf_drv_uart.o ABSOLUTE
    ..\\..\\..\\..\\..\\components\\libraries\\fifo\\app_fifo.c 0x00000000   Number         0  app_fifo.o ABSOLUTE
    ..\\..\\..\\..\\..\\components\\libraries\\uart\\app_uart_fifo.c 0x00000000   Number         0  app_uart_fifo.o ABSOLUTE
    ..\\..\\..\\..\\..\\components\\libraries\\uart\\retarget.c 0x00000000   Number         0  retarget.o ABSOLUTE
    ..\\..\\..\\..\\..\\components\\libraries\\util\\app_error.c 0x00000000   Number         0  app_error.o ABSOLUTE
    ..\\..\\..\\..\\..\\components\\libraries\\util\\app_error_weak.c 0x00000000   Number         0  app_error_weak.o ABSOLUTE
    ..\\..\\..\\..\\..\\components\\libraries\\util\\app_util_platform.c 0x00000000   Number         0  app_util_platform.o ABSOLUTE
    ..\\..\\..\\..\\..\\components\\libraries\\util\\nrf_assert.c 0x00000000   Number         0  nrf_assert.o ABSOLUTE
    ..\\..\\main.c                           0x00000000   Number         0  main.o ABSOLUTE
    1602_driver.c                            0x00000000   Number         0  1602_driver.o ABSOLUTE
    1602_driver.c                            0x00000000   Number         0  1602_driver.o ABSOLUTE
    RTE\Device\nRF51422_xxAC\arm_startup_nrf51.s 0x00000000   Number         0  arm_startup_nrf51.o ABSOLUTE
    RTE\Device\nRF51422_xxAC\system_nrf51.c  0x00000000   Number         0  system_nrf51.o ABSOLUTE
    RTE\\Device\\nRF51422_xxAC\\system_nrf51.c 0x00000000   Number         0  system_nrf51.o ABSOLUTE
    dc.s                                     0x00000000   Number         0  dc.o ABSOLUTE
    handlers.s                               0x00000000   Number         0  handlers.o ABSOLUTE
    init.s                                   0x00000000   Number         0  init.o ABSOLUTE
    RESET                                    0x0001b000   Section      192  arm_startup_nrf51.o(RESET)
    .ARM.Collect$$$$00000000                 0x0001b0c0   Section        0  entry.o(.ARM.Collect$$$$00000000)
    .ARM.Collect$$$$00000001                 0x0001b0c0   Section        4  entry2.o(.ARM.Collect$$$$00000001)
    .ARM.Collect$$$$00000004                 0x0001b0c4   Section        4  entry5.o(.ARM.Collect$$$$00000004)
    .ARM.Collect$$$$00000008                 0x0001b0c8   Section        0  entry7b.o(.ARM.Collect$$$$00000008)
    .ARM.Collect$$$$0000000A                 0x0001b0c8   Section        0  entry8b.o(.ARM.Collect$$$$0000000A)
    .ARM.Collect$$$$0000000B                 0x0001b0c8   Section        8  entry9a.o(.ARM.Collect$$$$0000000B)
    .ARM.Collect$$$$0000000D                 0x0001b0d0   Section        0  entry10a.o(.ARM.Collect$$$$0000000D)
    .ARM.Collect$$$$0000000F                 0x0001b0d0   Section        0  entry11a.o(.ARM.Collect$$$$0000000F)
    .ARM.Collect$$$$00002712                 0x0001b0d0   Section        4  entry2.o(.ARM.Collect$$$$00002712)
    __lit__00000000                          0x0001b0d0   Data           4  entry2.o(.ARM.Collect$$$$00002712)
    .emb_text                                0x0001b0d4   Section       30  nrf_delay.o(.emb_text)
    .emb_text                                0x0001b0f4   Section       30  nrf_drv_twi.o(.emb_text)
    .emb_text                                0x0001b114   Section       30  1602_driver.o(.emb_text)
    .text                                    0x0001b134   Section       56  arm_startup_nrf51.o(.text)
    .text                                    0x0001b16c   Section       36  init.o(.text)
    i.SPI0_TWI0_IRQHandler                   0x0001b190   Section        0  nrf_drv_twi.o(i.SPI0_TWI0_IRQHandler)
    i.SystemInit                             0x0001b318   Section        0  system_nrf51.o(i.SystemInit)
    i.UART0_IRQHandler                       0x0001b3e4   Section        0  nrf_drv_uart.o(i.UART0_IRQHandler)
    i.__scatterload_copy                     0x0001b540   Section       14  handlers.o(i.__scatterload_copy)
    i.__scatterload_null                     0x0001b54e   Section        2  handlers.o(i.__scatterload_null)
    i.__scatterload_zeroinit                 0x0001b550   Section       14  handlers.o(i.__scatterload_zeroinit)
    i.app_error_fault_handler                0x0001b560   Section        0  app_error_weak.o(i.app_error_fault_handler)
    i.app_error_handler_bare                 0x0001b57c   Section        0  app_error.o(i.app_error_handler_bare)
    i.lcd_begin                              0x0001b598   Section        0  1602_driver.o(i.lcd_begin)
    i.lcd_command                            0x0001b678   Section        0  1602_driver.o(i.lcd_command)
    i.lcd_i2c_begin                          0x0001b694   Section        0  1602_driver.o(i.lcd_i2c_begin)
    i.lcd_i2c_io_initial                     0x0001b6fc   Section        0  1602_driver.o(i.lcd_i2c_io_initial)
    i.lcd_i2c_write4bits                     0x0001b768   Section        0  1602_driver.o(i.lcd_i2c_write4bits)
    i.lcd_setCursor                          0x0001b7d8   Section        0  1602_driver.o(i.lcd_setCursor)
    i.lcd_write                              0x0001b830   Section        0  1602_driver.o(i.lcd_write)
    i.main                                   0x0001b84a   Section        0  main.o(i.main)
    i.nrf_delay_ms                           0x0001b8a8   Section        0  nrf_delay.o(i.nrf_delay_ms)
    i.nrf_drv_common_irq_enable              0x0001b8cc   Section        0  nrf_drv_common.o(i.nrf_drv_common_irq_enable)
    i.nrf_drv_twi_enable                     0x0001b92c   Section        0  nrf_drv_twi.o(i.nrf_drv_twi_enable)
    i.nrf_drv_twi_init                       0x0001b94c   Section        0  nrf_drv_twi.o(i.nrf_drv_twi_init)
    i.nrf_drv_twi_tx                         0x0001ba80   Section        0  nrf_drv_twi.o(i.nrf_drv_twi_tx)
    i.nrf_drv_twi_xfer                       0x0001baa8   Section        0  nrf_drv_twi.o(i.nrf_drv_twi_xfer)
    i.twi_transfer                           0x0001bc40   Section        0  nrf_drv_twi.o(i.twi_transfer)
    twi_transfer                             0x0001bc41   Thumb Code   204  nrf_drv_twi.o(i.twi_transfer)
    .constdata                               0x0001bd0c   Section       28  nrf_drv_twi.o(.constdata)
    m_default_config                         0x0001bd0c   Data          16  nrf_drv_twi.o(.constdata)
    .constdata                               0x0001bd28   Section       24  1602_driver.o(.constdata)
    m_twi_lcd1602                            0x0001bd28   Data           8  1602_driver.o(.constdata)
    .data                                    0x20002080   Section       17  1602_driver.o(.data)
    .data                                    0x20002094   Section        4  system_nrf51.o(.data)
    __tagsym$$used                           0x20002094   Number         0  system_nrf51.o(.data)
    .bss                                     0x20002098   Section       40  nrf_drv_twi.o(.bss)
    m_cb                                     0x20002098   Data          40  nrf_drv_twi.o(.bss)
    .bss                                     0x200020c0   Section       28  nrf_drv_uart.o(.bss)
    m_cb                                     0x200020c0   Data          28  nrf_drv_uart.o(.bss)
    STACK                                    0x200020e0   Section     2048  arm_startup_nrf51.o(STACK)

    Global Symbols

    Symbol Name                              Value     Ov Type        Size  Object(Section)

    BuildAttributes$$THM_ISAv3M$S$PE$A:L22$X:L11$S22$IEEE1$IW$USESV6$~STKCKD$USESV7$~SHL$OTIME$EBA8$MICROLIB$REQ8$PRES8$EABIv2 0x00000000   Number         0  anon$$obj.o ABSOLUTE
    __ARM_use_no_argv                        0x00000000   Number         0  main.o ABSOLUTE
    __cpp_initialize__aeabi_                  - Undefined Weak Reference
    __cxa_finalize                            - Undefined Weak Reference
    __decompress                              - Undefined Weak Reference
    _clock_init                               - Undefined Weak Reference
    _microlib_exit                            - Undefined Weak Reference
    __Vectors_Size                           0x000000c0   Number         0  arm_startup_nrf51.o ABSOLUTE
    __Vectors                                0x0001b000   Data           4  arm_startup_nrf51.o(RESET)
    __Vectors_End                            0x0001b0c0   Data           0  arm_startup_nrf51.o(RESET)
    __main                                   0x0001b0c1   Thumb Code     0  entry.o(.ARM.Collect$$$$00000000)
    _main_stk                                0x0001b0c1   Thumb Code     0  entry2.o(.ARM.Collect$$$$00000001)
    _main_scatterload                        0x0001b0c5   Thumb Code     0  entry5.o(.ARM.Collect$$$$00000004)
    __main_after_scatterload                 0x0001b0c9   Thumb Code     0  entry5.o(.ARM.Collect$$$$00000004)
    _main_clock                              0x0001b0c9   Thumb Code     0  entry7b.o(.ARM.Collect$$$$00000008)
    _main_cpp_init                           0x0001b0c9   Thumb Code     0  entry8b.o(.ARM.Collect$$$$0000000A)
    _main_init                               0x0001b0c9   Thumb Code     0  entry9a.o(.ARM.Collect$$$$0000000B)
    __rt_final_cpp                           0x0001b0d1   Thumb Code     0  entry10a.o(.ARM.Collect$$$$0000000D)
    __rt_final_exit                          0x0001b0d1   Thumb Code     0  entry11a.o(.ARM.Collect$$$$0000000F)
    __asm___11_nrf_delay_c_532987f3__nrf_delay_us 0x0001b0d5   Thumb Code    30  nrf_delay.o(.emb_text)
    __asm___13_nrf_drv_twi_c_a9bcf68d__nrf_delay_us 0x0001b0f5   Thumb Code    30  nrf_drv_twi.o(.emb_text)
    __asm___13_1602_driver_c_43d4125a__nrf_delay_us 0x0001b115   Thumb Code    30  1602_driver.o(.emb_text)
    Reset_Handler                            0x0001b135   Thumb Code    26  arm_startup_nrf51.o(.text)
    NMI_Handler                              0x0001b14f   Thumb Code     2  arm_startup_nrf51.o(.text)
    HardFault_Handler                        0x0001b151   Thumb Code     2  arm_startup_nrf51.o(.text)
    SVC_Handler                              0x0001b153   Thumb Code     2  arm_startup_nrf51.o(.text)
    PendSV_Handler                           0x0001b155   Thumb Code     2  arm_startup_nrf51.o(.text)
    SysTick_Handler                          0x0001b157   Thumb Code     2  arm_startup_nrf51.o(.text)
    ADC_IRQHandler                           0x0001b159   Thumb Code     0  arm_startup_nrf51.o(.text)
    CCM_AAR_IRQHandler                       0x0001b159   Thumb Code     0  arm_startup_nrf51.o(.text)
    ECB_IRQHandler                           0x0001b159   Thumb Code     0  arm_startup_nrf51.o(.text)
    GPIOTE_IRQHandler                        0x0001b159   Thumb Code     0  arm_startup_nrf51.o(.text)
    LPCOMP_IRQHandler                        0x0001b159   Thumb Code     0  arm_startup_nrf51.o(.text)
    POWER_CLOCK_IRQHandler                   0x0001b159   Thumb Code     0  arm_startup_nrf51.o(.text)
    QDEC_IRQHandler                          0x0001b159   Thumb Code     0  arm_startup_nrf51.o(.text)
    RADIO_IRQHandler                         0x0001b159   Thumb Code     0  arm_startup_nrf51.o(.text)
    RNG_IRQHandler                           0x0001b159   Thumb Code     0  arm_startup_nrf51.o(.text)
    RTC0_IRQHandler                          0x0001b159   Thumb Code     0  arm_startup_nrf51.o(.text)
    RTC1_IRQHandler                          0x0001b159   Thumb Code     0  arm_startup_nrf51.o(.text)
    SPI1_TWI1_IRQHandler                     0x0001b159   Thumb Code     0  arm_startup_nrf51.o(.text)
    SWI0_IRQHandler                          0x0001b159   Thumb Code     0  arm_startup_nrf51.o(.text)
    SWI1_IRQHandler                          0x0001b159   Thumb Code     0  arm_startup_nrf51.o(.text)
    SWI2_IRQHandler                          0x0001b159   Thumb Code     0  arm_startup_nrf51.o(.text)
    SWI3_IRQHandler                          0x0001b159   Thumb Code     0  arm_startup_nrf51.o(.text)
    SWI4_IRQHandler                          0x0001b159   Thumb Code     0  arm_startup_nrf51.o(.text)
    SWI5_IRQHandler                          0x0001b159   Thumb Code     0  arm_startup_nrf51.o(.text)
    TEMP_IRQHandler                          0x0001b159   Thumb Code     0  arm_startup_nrf51.o(.text)
    TIMER0_IRQHandler                        0x0001b159   Thumb Code     0  arm_startup_nrf51.o(.text)
    TIMER1_IRQHandler                        0x0001b159   Thumb Code     0  arm_startup_nrf51.o(.text)
    TIMER2_IRQHandler                        0x0001b159   Thumb Code     0  arm_startup_nrf51.o(.text)
    WDT_IRQHandler                           0x0001b159   Thumb Code     0  arm_startup_nrf51.o(.text)
    __scatterload                            0x0001b16d   Thumb Code    28  init.o(.text)
    __scatterload_rt2                        0x0001b16d   Thumb Code     0  init.o(.text)
    SPI0_TWI0_IRQHandler                     0x0001b191   Thumb Code   358  nrf_drv_twi.o(i.SPI0_TWI0_IRQHandler)
    SystemInit                               0x0001b319   Thumb Code   176  system_nrf51.o(i.SystemInit)
    UART0_IRQHandler                         0x0001b3e5   Thumb Code   320  nrf_drv_uart.o(i.UART0_IRQHandler)
    __scatterload_copy                       0x0001b541   Thumb Code    14  handlers.o(i.__scatterload_copy)
    __scatterload_null                       0x0001b54f   Thumb Code     2  handlers.o(i.__scatterload_null)
    __scatterload_zeroinit                   0x0001b551   Thumb Code    14  handlers.o(i.__scatterload_zeroinit)
    app_error_fault_handler                  0x0001b561   Thumb Code    18  app_error_weak.o(i.app_error_fault_handler)
    app_error_handler_bare                   0x0001b57d   Thumb Code    24  app_error.o(i.app_error_handler_bare)
    lcd_begin                                0x0001b599   Thumb Code   218  1602_driver.o(i.lcd_begin)
    lcd_command                              0x0001b679   Thumb Code    26  1602_driver.o(i.lcd_command)
    lcd_i2c_begin                            0x0001b695   Thumb Code    92  1602_driver.o(i.lcd_i2c_begin)
    lcd_i2c_io_initial                       0x0001b6fd   Thumb Code   100  1602_driver.o(i.lcd_i2c_io_initial)
    lcd_i2c_write4bits                       0x0001b769   Thumb Code   100  1602_driver.o(i.lcd_i2c_write4bits)
    lcd_setCursor                            0x0001b7d9   Thumb Code    76  1602_driver.o(i.lcd_setCursor)
    lcd_write                                0x0001b831   Thumb Code    26  1602_driver.o(i.lcd_write)
    main                                     0x0001b84b   Thumb Code    92  main.o(i.main)
    nrf_delay_ms                             0x0001b8a9   Thumb Code    30  nrf_delay.o(i.nrf_delay_ms)
    nrf_drv_common_irq_enable                0x0001b8cd   Thumb Code    80  nrf_drv_common.o(i.nrf_drv_common_irq_enable)
    nrf_drv_twi_enable                       0x0001b92d   Thumb Code    28  nrf_drv_twi.o(i.nrf_drv_twi_enable)
    nrf_drv_twi_init                         0x0001b94d   Thumb Code   282  nrf_drv_twi.o(i.nrf_drv_twi_init)
    nrf_drv_twi_tx                           0x0001ba81   Thumb Code    40  nrf_drv_twi.o(i.nrf_drv_twi_tx)
    nrf_drv_twi_xfer                         0x0001baa9   Thumb Code   400  nrf_drv_twi.o(i.nrf_drv_twi_xfer)
    Region$$Table$$Base                      0x0001bd40   Number         0  anon$$obj.o(Region$$Table)
    Region$$Table$$Limit                     0x0001bd60   Number         0  anon$$obj.o(Region$$Table)
    twi_busy                                 0x20002080   Data           1  1602_driver.o(.data)
    _Addr                                    0x20002081   Data           1  1602_driver.o(.data)
    _backlightPinMask                        0x20002082   Data           1  1602_driver.o(.data)
    _backlightStsMask                        0x20002083   Data           1  1602_driver.o(.data)
    _En                                      0x20002084   Data           1  1602_driver.o(.data)
    _Rw                                      0x20002085   Data           1  1602_driver.o(.data)
    _Rs                                      0x20002086   Data           1  1602_driver.o(.data)
    _displayfunction                         0x20002087   Data           1  1602_driver.o(.data)
    _displaycontrol                          0x20002088   Data           1  1602_driver.o(.data)
    _displaymode                             0x20002089   Data           1  1602_driver.o(.data)
    _numlines                                0x2000208a   Data           1  1602_driver.o(.data)
    _cols                                    0x2000208b   Data           1  1602_driver.o(.data)
    _polarity                                0x2000208c   Data           1  1602_driver.o(.data)
    _data_pins                               0x2000208d   Data           4  1602_driver.o(.data)
    SystemCoreClock                          0x20002094   Data           4  system_nrf51.o(.data)
    __initial_sp                             0x200028e0   Data           0  arm_startup_nrf51.o(STACK)



==============================================================================

Memory Map of the image

  Image Entry point : 0x0001b0c1

  Load Region LR_IROM1 (Base: 0x0001b000, Size: 0x00000d78, Max: 0x00021400, ABSOLUTE)

    Execution Region ER_IROM1 (Base: 0x0001b000, Size: 0x00000d60, Max: 0x00021400, ABSOLUTE)

    Base Addr    Size         Type   Attr      Idx    E Section Name        Object

    0x0001b000   0x000000c0   Data   RO          908    RESET               arm_startup_nrf51.o
    0x0001b0c0   0x00000000   Code   RO          945  * .ARM.Collect$$$$00000000  mc_p.l(entry.o)
    0x0001b0c0   0x00000004   Code   RO          948    .ARM.Collect$$$$00000001  mc_p.l(entry2.o)
    0x0001b0c4   0x00000004   Code   RO          951    .ARM.Collect$$$$00000004  mc_p.l(entry5.o)
    0x0001b0c8   0x00000000   Code   RO          953    .ARM.Collect$$$$00000008  mc_p.l(entry7b.o)
    0x0001b0c8   0x00000000   Code   RO          955    .ARM.Collect$$$$0000000A  mc_p.l(entry8b.o)
    0x0001b0c8   0x00000008   Code   RO          956    .ARM.Collect$$$$0000000B  mc_p.l(entry9a.o)
    0x0001b0d0   0x00000000   Code   RO          958    .ARM.Collect$$$$0000000D  mc_p.l(entry10a.o)
    0x0001b0d0   0x00000000   Code   RO          960    .ARM.Collect$$$$0000000F  mc_p.l(entry11a.o)
    0x0001b0d0   0x00000004   Code   RO          949    .ARM.Collect$$$$00002712  mc_p.l(entry2.o)
    0x0001b0d4   0x0000001e   Code   RO          215    .emb_text           nrf_delay.o
    0x0001b0f2   0x00000002   PAD
    0x0001b0f4   0x0000001e   Code   RO          276    .emb_text           nrf_drv_twi.o
    0x0001b112   0x00000002   PAD
    0x0001b114   0x0000001e   Code   RO          680    .emb_text           1602_driver.o
    0x0001b132   0x00000002   PAD
    0x0001b134   0x00000038   Code   RO          909    .text               arm_startup_nrf51.o
    0x0001b16c   0x00000024   Code   RO          962    .text               mc_p.l(init.o)
    0x0001b190   0x00000188   Code   RO          277    i.SPI0_TWI0_IRQHandler  nrf_drv_twi.o
    0x0001b318   0x000000cc   Code   RO          916    i.SystemInit        system_nrf51.o
    0x0001b3e4   0x0000015c   Code   RO          380    i.UART0_IRQHandler  nrf_drv_uart.o
    0x0001b540   0x0000000e   Code   RO          966    i.__scatterload_copy  mc_p.l(handlers.o)
    0x0001b54e   0x00000002   Code   RO          967    i.__scatterload_null  mc_p.l(handlers.o)
    0x0001b550   0x0000000e   Code   RO          968    i.__scatterload_zeroinit  mc_p.l(handlers.o)
    0x0001b55e   0x00000002   PAD
    0x0001b560   0x0000001c   Code   RO          508    i.app_error_fault_handler  app_error_weak.o
    0x0001b57c   0x0000001c   Code   RO          473    i.app_error_handler_bare  app_error.o
    0x0001b598   0x000000e0   Code   RO          683    i.lcd_begin         1602_driver.o
    0x0001b678   0x0000001a   Code   RO          686    i.lcd_command       1602_driver.o
    0x0001b692   0x00000002   PAD
    0x0001b694   0x00000068   Code   RO          691    i.lcd_i2c_begin     1602_driver.o
    0x0001b6fc   0x0000006c   Code   RO          694    i.lcd_i2c_io_initial  1602_driver.o
    0x0001b768   0x00000070   Code   RO          699    i.lcd_i2c_write4bits  1602_driver.o
    0x0001b7d8   0x00000058   Code   RO          713    i.lcd_setCursor     1602_driver.o
    0x0001b830   0x0000001a   Code   RO          714    i.lcd_write         1602_driver.o
    0x0001b84a   0x0000005c   Code   RO            4    i.main              main.o
    0x0001b8a6   0x00000002   PAD
    0x0001b8a8   0x00000024   Code   RO          216    i.nrf_delay_ms      nrf_delay.o
    0x0001b8cc   0x00000060   Code   RO          243    i.nrf_drv_common_irq_enable  nrf_drv_common.o
    0x0001b92c   0x00000020   Code   RO          280    i.nrf_drv_twi_enable  nrf_drv_twi.o
    0x0001b94c   0x00000134   Code   RO          281    i.nrf_drv_twi_init  nrf_drv_twi.o
    0x0001ba80   0x00000028   Code   RO          285    i.nrf_drv_twi_tx    nrf_drv_twi.o
    0x0001baa8   0x00000198   Code   RO          287    i.nrf_drv_twi_xfer  nrf_drv_twi.o
    0x0001bc40   0x000000cc   Code   RO          288    i.twi_transfer      nrf_drv_twi.o
    0x0001bd0c   0x0000001c   Data   RO          290    .constdata          nrf_drv_twi.o
    0x0001bd28   0x00000018   Data   RO          717    .constdata          1602_driver.o
    0x0001bd40   0x00000020   Data   RO          964    Region$$Table       anon$$obj.o


    Execution Region RW_IRAM1 (Base: 0x20002080, Size: 0x00000860, Max: 0x00001f00, ABSOLUTE)

    Base Addr    Size         Type   Attr      Idx    E Section Name        Object

    0x20002080   0x00000011   Data   RW          718    .data               1602_driver.o
    0x20002091   0x00000003   PAD
    0x20002094   0x00000004   Data   RW          917    .data               system_nrf51.o
    0x20002098   0x00000028   Zero   RW          289    .bss                nrf_drv_twi.o
    0x200020c0   0x0000001c   Zero   RW          391    .bss                nrf_drv_uart.o
    0x200020dc   0x00000004   PAD
    0x200020e0   0x00000800   Zero   RW          906    STACK               arm_startup_nrf51.o


    Execution Region RW_IRAM2 (Base: 0x20003f80, Size: 0x00000000, Max: 0x00000080, ABSOLUTE, UNINIT)

    **** No section assigned to this execution region ****


==============================================================================

Image component sizes


      Code (inc. data)   RO Data    RW Data    ZI Data      Debug   Object Name

       718         50         24         17          0       9823   1602_driver.o
        28          4          0          0          0       2237   app_error.o
        28         10          0          0          0       7086   app_error_weak.o
        56         18        192          0       2048        708   arm_startup_nrf51.o
        92          0          0          0          0      28583   main.o
        66          6          0          0          0       1763   nrf_delay.o
        96         16          0          0          0       8604   nrf_drv_common.o
      1414         72         28          0         40      19709   nrf_drv_twi.o
       348         28          0          0         28       8933   nrf_drv_uart.o
       204         28          0          4          0       1835   system_nrf51.o

    ----------------------------------------------------------------------
      3060        232        276         24       2120      89281   Object Totals
         0          0         32          0          0          0   (incl. Generated)
        10          0          0          3          4          0   (incl. Padding)

    ----------------------------------------------------------------------

      Code (inc. data)   RO Data    RW Data    ZI Data      Debug   Library Member Name

         0          0          0          0          0          0   entry.o
         0          0          0          0          0          0   entry10a.o
         0          0          0          0          0          0   entry11a.o
         8          4          0          0          0          0   entry2.o
         4          0          0          0          0          0   entry5.o
         0          0          0          0          0          0   entry7b.o
         0          0          0          0          0          0   entry8b.o
         8          4          0          0          0          0   entry9a.o
        30          0          0          0          0          0   handlers.o
        36          8          0          0          0         68   init.o

    ----------------------------------------------------------------------
        88         16          0          0          0         68   Library Totals
         2          0          0          0          0          0   (incl. Padding)

    ----------------------------------------------------------------------

      Code (inc. data)   RO Data    RW Data    ZI Data      Debug   Library Name

        86         16          0          0          0         68   mc_p.l

    ----------------------------------------------------------------------
        88         16          0          0          0         68   Library Totals

    ----------------------------------------------------------------------

==============================================================================


      Code (inc. data)   RO Data    RW Data    ZI Data      Debug   

      3148        248        276         24       2120      88553   Grand Totals
      3148        248        276         24       2120      88553   ELF Image Totals
      3148        248        276         24          0          0   ROM Totals

==============================================================================

    Total RO  Size (Code + RO Data)                 3424 (   3.34kB)
    Total RW  Size (RW Data + ZI Data)              2144 (   2.09kB)
    Total ROM Size (Code + RO Data + RW Data)       3448 (   3.37kB)

==============================================================================

